node.exe : npm verbose cli C:\Users\schlansk\node-v22.16.0-win-x64\node.exe 
C:\Users\schlansk\node-v22.16.0-win-x64\node_modules\npm\bin\npm-cli.js
At C:\Users\schlansk\node-v22.16.0-win-x64\npm.ps1:29 char:3
+   & $NODE_EXE $NPM_CLI_JS $args
+   ~~~~~~~~~~~~~~~~~~~~~~~~~~~~~
    + CategoryInfo          : NotSpecified: (npm verbose cli...\bin\npm-cli.js:String) [], RemoteExce 
   ption
    + FullyQualifiedErrorId : NativeCommandError
 
npm info using npm@10.9.2
npm info using node@v22.16.0
npm verbose title npm run test forest-server/core-loop-e2e-repeat.test.js
npm verbose argv "run" "test" "forest-server/core-loop-e2e-repeat.test.js" "--detectOpenHandles" 
"--runInBand" "--loglevel" "verbose" "--testTimeout" "60000"
npm verbose logfile logs-max:10 
dir:C:\Users\schlansk\AppData\Local\npm-cache\_logs\2025-06-29T02_21_00_659Z-
npm verbose logfile 
C:\Users\schlansk\AppData\Local\npm-cache\_logs\2025-06-29T02_21_00_659Z-debug-0.log

> test
> node --experimental-vm-modules node_modules/jest/bin/jest.js --testPathIgnorePatterns=/__tests__/ forest-server/core-loop-e2e-repeat.test.js

(node:10864) ExperimentalWarning: VM Modules is an experimental feature and might change at any time
(Use `node --trace-warnings ...` to show where the warning was created)
FAIL forest-server/modules/context-validation.test.js
  ΓùÅ Console

    console.log
      
      [ComponentHealthReporter] Published health for 2 component(s) to Memory.

      at ComponentHealthReporter.onRunComplete 
(forest-server/modules/utils/component-health-reporter.js:74:13)

    console.warn
      ContextGuard mismatch for demo: claim=healthy, actual=unknown

    [0m [90m 64 |[39m     [36mthis[39m[33m.[39memit([32m'validation_check'[39m[33m,[39m 
result)[33m;[39m
     [90m 65 |[39m     [36mif[39m ([33m![39mmatches) {
    [31m[1m>[22m[39m[90m 66 |[39m       
[36mthis[39m[33m.[39mlogger[33m.[39mwarn[33m?[39m[33m.[39m([32m`ContextGuard mismatch for 
${componentName}: claim=${contextClaim}, actual=${status}`[39m)[33m;[39m
     [90m    |[39m       [31m[1m^[22m[39m
     [90m 67 |[39m       [36mthis[39m[33m.[39memit([32m'context_contradiction'[39m[33m,[39m 
result)[33m;[39m
     [90m 68 |[39m     }
     [90m 69 |[39m     [36mreturn[39m matches[33m;[39m[0m

      at ContextGuard.validateComponentHealth (forest-server/modules/context-guard.js:66:7)
      at Object.<anonymous> (forest-server/modules/context-validation.test.js:57:26)

  ΓùÅ Context validation system ΓÇ║ ComponentHealthReporter writes pass/fail status

    SyntaxError: Unexpected end of JSON input
        at JSON.parse (<anonymous>)

    [0m [90m 40 |[39m     reporter[33m.[39monRunComplete([][33m,[39m fakeAggregated)[33m;[39m
     [90m 41 |[39m
    [31m[1m>[22m[39m[90m 42 |[39m     [36mconst[39m store [33m=[39m 
[33mJSON[39m[33m.[39mparse(fs[33m.[39mreadFileSync(tmpMemoryFile[33m,[39m 
[32m'utf8'[39m))[33m;[39m
     [90m    |[39m                        [31m[1m^[22m[39m
     [90m 43 |[39m     expect(store[[32m'component_status:task-selector'[39m][33m.[39mstatus)[3
3m.[39mtoBe([32m'pass'[39m)[33m;[39m
     [90m 44 |[39m     expect(store[[32m'component_status:hta-tree-builder'[39m][33m.[39mstatus)
[33m.[39mtoBe([32m'fail'[39m)[33m;[39m
     [90m 45 |[39m   })[33m;[39m[0m

      at Object.<anonymous> (forest-server/modules/context-validation.test.js:42:24)

  ΓùÅ Context validation system ΓÇ║ SelfHealManager calls execSync on trigger

    ReferenceError: require is not defined

    [0m [90m 63 |[39m     jest[33m.[39munstable_mockModule([32m'child_process'[39m[33m,[39m 
() [33m=>[39m ({ execSync[33m:[39m jest[33m.[39mfn() }))[33m;[39m
     [90m 64 |[39m
    [31m[1m>[22m[39m[90m 65 |[39m     [36mconst[39m { [36mdefault[39m[33m:[39m 
[33mSelfHealManagerMocked[39m } [33m=[39m [36mawait[39m 
[36mimport[39m([32m'./self-heal-manager.js'[39m)[33m;[39m
     [90m    |[39m                                                      [31m[1m^[22m[39m
     [90m 66 |[39m     [36mconst[39m cp [33m=[39m [36mawait[39m 
[36mimport[39m([32m'child_process'[39m)[33m;[39m
     [90m 67 |[39m
     [90m 68 |[39m     [36mconst[39m fakeBus [33m=[39m [36mnew[39m 
[33mEventEmitter[39m()[33m;[39m[0m

      at forest-server/modules/context-validation.test.js:65:54
      at Object.<anonymous> (forest-server/modules/context-validation.test.js:65:48)


  ΓùÅ  Cannot log after tests are done. Did you forget to wait for something async in your test?
    Attempted to log "[ComponentHealthReporter] Failed to load memory file Failed to read file 
C:\Users\schlansk\claude-mcp-configs\forest-server\memory.test.json: ENOENT: no such file or 
directory, open 'C:\Users\schlansk\claude-mcp-configs\forest-server\memory.test.json'".

    [0m [90m 24 |[39m       [90m// Only log if it's not a simple "file doesn't exist" error[39m
     [90m 25 |[39m       [36mif[39m (err[33m.[39mcode [33m!==[39m [32m'ENOENT'[39m) {
    [31m[1m>[22m[39m[90m 26 |[39m         
console[33m.[39merror([32m'[ComponentHealthReporter] Failed to load memory file'[39m[33m,[39m 
err[33m.[39mmessage)[33m;[39m
     [90m    |[39m                 [31m[1m^[22m[39m
     [90m 27 |[39m       }
     [90m 28 |[39m       [36mreturn[39m {}[33m;[39m
     [90m 29 |[39m     }[0m

      at console.error (node_modules/@jest/console/build/index.js:124:10)
      at ComponentHealthReporter._loadMemory 
(forest-server/modules/utils/component-health-reporter.js:26:17)

(node:43300) ExperimentalWarning: VM Modules is an experimental feature and might change at any time
(Use `node --trace-warnings ...` to show where the warning was created)
PASS forest-server/tests/domain-agnostic.test.js
  ΓùÅ Console

    console.log
      ≡ƒöì Scanning codebase for domain contamination...

      at DomainContaminationDetector.scanCodebase 
(forest-server/tools/domain-contamination-detector.js:80:13)

    console.log
      ≡ƒôè DOMAIN CONTAMINATION SCAN RESULTS

      at DomainContaminationDetector.printReport 
(forest-server/tools/domain-contamination-detector.js:266:13)

    console.log
      Files Scanned: 173

      at DomainContaminationDetector.printReport 
(forest-server/tools/domain-contamination-detector.js:267:13)

    console.log
      Clean Files: 124

      at DomainContaminationDetector.printReport 
(forest-server/tools/domain-contamination-detector.js:268:13)

    console.log
      Contaminated Files: 49

      at DomainContaminationDetector.printReport 
(forest-server/tools/domain-contamination-detector.js:269:13)

    console.log
      Critical Violations: 0

      at DomainContaminationDetector.printReport 
(forest-server/tools/domain-contamination-detector.js:270:13)

    console.log
      Total Violations: 286

      at DomainContaminationDetector.printReport 
(forest-server/tools/domain-contamination-detector.js:271:13)

    console.log
      ≡ƒÜ¿ VIOLATIONS FOUND:

      at DomainContaminationDetector.printReport 
(forest-server/tools/domain-contamination-detector.js:274:15)

    console.log
      ≡ƒôü forest-server\comprehensive-diagnostic-plan.js

      at DomainContaminationDetector.printReport 
(forest-server/tools/domain-contamination-detector.js:278:17)

    console.log
         Line 118: Startup (INDUSTRY_TERMS)

      at DomainContaminationDetector.printReport 
(forest-server/tools/domain-contamination-detector.js:281:19)

    console.log
         Code: 'MCP Server Startup',

      at DomainContaminationDetector.printReport 
(forest-server/tools/domain-contamination-detector.js:282:19)

    console.log
         Line 251: startup (INDUSTRY_TERMS)

      at DomainContaminationDetector.printReport 
(forest-server/tools/domain-contamination-detector.js:281:19)

    console.log
         Code: summary: 'MCP server startup configuration verified',

      at DomainContaminationDetector.printReport 
(forest-server/tools/domain-contamination-detector.js:282:19)

    console.log
         Line 258: startup (INDUSTRY_TERMS)

      at DomainContaminationDetector.printReport 
(forest-server/tools/domain-contamination-detector.js:281:19)

    console.log
         Code: summary: 'MCP server startup failed',

      at DomainContaminationDetector.printReport 
(forest-server/tools/domain-contamination-detector.js:282:19)

    console.log
         Line 353: JavaScript (SKILL_TERMS)

      at DomainContaminationDetector.printReport 
(forest-server/tools/domain-contamination-detector.js:281:19)

    console.log
         Code: const complexity = mockBuilder.analyzeGoalComplexity('Learn JavaScript programming');

      at DomainContaminationDetector.printReport 
(forest-server/tools/domain-contamination-detector.js:282:19)

    console.log


      at DomainContaminationDetector.printReport 
(forest-server/tools/domain-contamination-detector.js:284:17)

    console.log
      ≡ƒôü forest-server\llm-integration.js

      at DomainContaminationDetector.printReport 
(forest-server/tools/domain-contamination-detector.js:278:17)

    console.log
         Line 77: ENTERPRISE (INDUSTRY_TERMS)

      at DomainContaminationDetector.printReport 
(forest-server/tools/domain-contamination-detector.js:281:19)

    console.log
         Code: tier: 'ENTERPRISE',

      at DomainContaminationDetector.printReport 
(forest-server/tools/domain-contamination-detector.js:282:19)

    console.log
         Line 79: enterprise (INDUSTRY_TERMS)

      at DomainContaminationDetector.printReport 
(forest-server/tools/domain-contamination-detector.js:281:19)

    console.log
         Code: description: 'Full enterprise complexity orchestration',

      at DomainContaminationDetector.printReport 
(forest-server/tools/domain-contamination-detector.js:282:19)

    console.log
         Line 233: finance (INDUSTRY_TERMS)

      at DomainContaminationDetector.printReport 
(forest-server/tools/domain-contamination-detector.js:281:19)

    console.log
         Code: if (text.includes('finance')) {

      at DomainContaminationDetector.printReport 
(forest-server/tools/domain-contamination-detector.js:282:19)

    console.log
         Line 234: finance (INDUSTRY_TERMS)

      at DomainContaminationDetector.printReport 
(forest-server/tools/domain-contamination-detector.js:281:19)

    console.log
         Code: domains.add('finance');

      at DomainContaminationDetector.printReport 
(forest-server/tools/domain-contamination-detector.js:282:19)

    console.log
         Line 410: ENTERPRISE (INDUSTRY_TERMS)

      at DomainContaminationDetector.printReport 
(forest-server/tools/domain-contamination-detector.js:281:19)

    console.log
         Code: nextTier: 'ENTERPRISE',

      at DomainContaminationDetector.printReport 
(forest-server/tools/domain-contamination-detector.js:282:19)

    console.log
         Line 412: enterprise (INDUSTRY_TERMS)

      at DomainContaminationDetector.printReport 
(forest-server/tools/domain-contamination-detector.js:281:19)

    console.log
         Code: 'Scale to enterprise level operations',

      at DomainContaminationDetector.printReport 
(forest-server/tools/domain-contamination-detector.js:282:19)

    console.log
         Line 417: ENTERPRISE (INDUSTRY_TERMS)

      at DomainContaminationDetector.printReport 
(forest-server/tools/domain-contamination-detector.js:281:19)

    console.log
         Code: ENTERPRISE: {

      at DomainContaminationDetector.printReport 
(forest-server/tools/domain-contamination-detector.js:282:19)

    console.log


      at DomainContaminationDetector.printReport 
(forest-server/tools/domain-contamination-detector.js:284:17)

    console.log
      ≡ƒôü forest-server\mcp-handlers.js

      at DomainContaminationDetector.printReport 
(forest-server/tools/domain-contamination-detector.js:278:17)

    console.log
         Line 485: achieve (GOAL_TERMS)

      at DomainContaminationDetector.printReport 
(forest-server/tools/domain-contamination-detector.js:281:19)

    console.log
         Code: description: 'Ultimate ambitious goal (what you want to achieve)',

      at DomainContaminationDetector.printReport 
(forest-server/tools/domain-contamination-detector.js:282:19)

    console.log
         Line 491: piano (SKILL_TERMS)

      at DomainContaminationDetector.printReport 
(forest-server/tools/domain-contamination-detector.js:281:19)

    console.log
         Code: 'Optional: Specific things you want to be able to do (e.g. "play Let It Be on piano", 
"build a personal website"). Leave empty if you\'re not sure yet - the system will help you discover 
interests.',

      at DomainContaminationDetector.printReport 
(forest-server/tools/domain-contamination-detector.js:282:19)

    console.log
         Line 500: saxophone (SKILL_TERMS)

      at DomainContaminationDetector.printReport 
(forest-server/tools/domain-contamination-detector.js:281:19)

    console.log
         Code: description: 'Name of the learning path (e.g. "saxophone", "piano", "theory")',

      at DomainContaminationDetector.printReport 
(forest-server/tools/domain-contamination-detector.js:282:19)

    console.log
         Line 516: piano (SKILL_TERMS)

      at DomainContaminationDetector.printReport 
(forest-server/tools/domain-contamination-detector.js:281:19)

    console.log
         Code: 'Optional: Define separate learning paths within your goal for isolated focus (e.g. 
separate piano and saxophone paths)',

      at DomainContaminationDetector.printReport 
(forest-server/tools/domain-contamination-detector.js:282:19)

    console.log
         Line 540: Budget (PERSONAL_TERMS)

      at DomainContaminationDetector.printReport 
(forest-server/tools/domain-contamination-detector.js:281:19)

    console.log
         Code: description: 'Budget limitations affecting learning resources',

      at DomainContaminationDetector.printReport 
(forest-server/tools/domain-contamination-detector.js:282:19)

    console.log
         Line 555: Degree (GOAL_TERMS)

      at DomainContaminationDetector.printReport 
(forest-server/tools/domain-contamination-detector.js:281:19)

    console.log
         Code: description: 'Degree, certificate, course, etc.',

      at DomainContaminationDetector.printReport 
(forest-server/tools/domain-contamination-detector.js:282:19)

    console.log
         Line 568: education (INDUSTRY_TERMS)

      at DomainContaminationDetector.printReport 
(forest-server/tools/domain-contamination-detector.js:281:19)

    console.log
         Code: description: 'All existing education, certificates, and relevant experience',

      at DomainContaminationDetector.printReport 
(forest-server/tools/domain-contamination-detector.js:282:19)

    console.log
         Line 618: achieve (GOAL_TERMS)

      at DomainContaminationDetector.printReport 
(forest-server/tools/domain-contamination-detector.js:281:19)

    console.log
         Code: description: 'How urgently you need to achieve this goal',

      at DomainContaminationDetector.printReport 
(forest-server/tools/domain-contamination-detector.js:282:19)

    console.log
         Line 624: portfolio (CAREER_TERMS)

      at DomainContaminationDetector.printReport 
(forest-server/tools/domain-contamination-detector.js:281:19)

    console.log
         Code: 'How you will measure success (income, job offers, portfolio pieces, etc.)',

      at DomainContaminationDetector.printReport 
(forest-server/tools/domain-contamination-detector.js:282:19)

    console.log
         Line 624: income (PERSONAL_TERMS)

      at DomainContaminationDetector.printReport 
(forest-server/tools/domain-contamination-detector.js:281:19)

    console.log
         Code: 'How you will measure success (income, job offers, portfolio pieces, etc.)',

      at DomainContaminationDetector.printReport 
(forest-server/tools/domain-contamination-detector.js:282:19)

    console.log
         Line 669: saxophone (SKILL_TERMS)

      at DomainContaminationDetector.printReport 
(forest-server/tools/domain-contamination-detector.js:281:19)

    console.log
         Code: 'Learning path to build HTA tree for (e.g. "saxophone", "piano"). If not specified, 
builds for active path or general project.',

      at DomainContaminationDetector.printReport 
(forest-server/tools/domain-contamination-detector.js:282:19)

    console.log
         Line 935: state (LOCATION_TERMS)

      at DomainContaminationDetector.printReport 
(forest-server/tools/domain-contamination-detector.js:281:19)

    console.log
         Code: description: 'Sync current Forest state to memory for context awareness',

      at DomainContaminationDetector.printReport 
(forest-server/tools/domain-contamination-detector.js:282:19)

    console.log
         Line 960: saxophone (SKILL_TERMS)

      at DomainContaminationDetector.printReport 
(forest-server/tools/domain-contamination-detector.js:281:19)

    console.log
         Code: 'Set focus to a specific learning path within the project (e.g. "saxophone", "piano", 
"theory")',

      at DomainContaminationDetector.printReport 
(forest-server/tools/domain-contamination-detector.js:282:19)

    console.log
         Line 967: saxophone (SKILL_TERMS)

      at DomainContaminationDetector.printReport 
(forest-server/tools/domain-contamination-detector.js:281:19)

    console.log
         Code: 'Name of the learning path to focus on (e.g. "saxophone", "piano", "web development")',

      at DomainContaminationDetector.printReport 
(forest-server/tools/domain-contamination-detector.js:282:19)

    console.log
         Line 987: professional (CAREER_TERMS)

      at DomainContaminationDetector.printReport 
(forest-server/tools/domain-contamination-detector.js:281:19)

    console.log
         Code: 'Analyze current identity and generate micro-shifts toward target professional 
identity',

      at DomainContaminationDetector.printReport 
(forest-server/tools/domain-contamination-detector.js:282:19)

    console.log
         Line 1134: professional (CAREER_TERMS)

      at DomainContaminationDetector.printReport 
(forest-server/tools/domain-contamination-detector.js:281:19)

    console.log
         Code: 'Analyze current identity and generate micro-shifts toward target professional 
identity',

      at DomainContaminationDetector.printReport 
(forest-server/tools/domain-contamination-detector.js:282:19)

    console.log
         Line 1143: state (LOCATION_TERMS)

      at DomainContaminationDetector.printReport 
(forest-server/tools/domain-contamination-detector.js:281:19)

    console.log
         Code: sync_forest_memory: 'Sync current Forest state to memory for context awareness',

      at DomainContaminationDetector.printReport 
(forest-server/tools/domain-contamination-detector.js:282:19)

    console.log


      at DomainContaminationDetector.printReport 
(forest-server/tools/domain-contamination-detector.js:284:17)

    console.log
      ≡ƒôü forest-server\memory-sync.js

      at DomainContaminationDetector.printReport 
(forest-server/tools/domain-contamination-detector.js:278:17)

    console.log
         Line 86: state (LOCATION_TERMS)

      at DomainContaminationDetector.printReport 
(forest-server/tools/domain-contamination-detector.js:281:19)

    console.log
         Code: `Forest state synced to memory for project: ${activeProjectId}\n\n` +

      at DomainContaminationDetector.printReport 
(forest-server/tools/domain-contamination-detector.js:282:19)

    console.log


      at DomainContaminationDetector.printReport 
(forest-server/tools/domain-contamination-detector.js:284:17)

    console.log
      ≡ƒôü forest-server\models\index.js

      at DomainContaminationDetector.printReport 
(forest-server/tools/domain-contamination-detector.js:278:17)

    console.log
         Line 6: node.js (SKILL_TERMS)

      at DomainContaminationDetector.printReport 
(forest-server/tools/domain-contamination-detector.js:281:19)

    console.log
         Code: import { HtaNode } from './hta-node.js';

      at DomainContaminationDetector.printReport 
(forest-server/tools/domain-contamination-detector.js:282:19)

    console.log


      at DomainContaminationDetector.printReport 
(forest-server/tools/domain-contamination-detector.js:284:17)

    console.log
      ≡ƒôü forest-server\modules\data-persistence.js

      at DomainContaminationDetector.printReport 
(forest-server/tools/domain-contamination-detector.js:278:17)

    console.log
         Line 651: state (LOCATION_TERMS)

      at DomainContaminationDetector.printReport 
(forest-server/tools/domain-contamination-detector.js:281:19)

    console.log
         Code: /** Reload component state by clearing cache then optionally re-reading from disk */

      at DomainContaminationDetector.printReport 
(forest-server/tools/domain-contamination-detector.js:282:19)

    console.log
         Line 661: state (LOCATION_TERMS)

      at DomainContaminationDetector.printReport 
(forest-server/tools/domain-contamination-detector.js:281:19)

    console.log
         Code: /** Basic state validation placeholder */

      at DomainContaminationDetector.printReport 
(forest-server/tools/domain-contamination-detector.js:282:19)

    console.log


      at DomainContaminationDetector.printReport 
(forest-server/tools/domain-contamination-detector.js:284:17)

    console.log
      ≡ƒôü forest-server\modules\error-logger.js

      at DomainContaminationDetector.printReport 
(forest-server/tools/domain-contamination-detector.js:278:17)

    console.log
         Line 210: Writing (SKILL_TERMS)

      at DomainContaminationDetector.printReport 
(forest-server/tools/domain-contamination-detector.js:281:19)

    console.log
         Code: message: `Comprehensive error logger attached. Writing to ${logFile}`,

      at DomainContaminationDetector.printReport 
(forest-server/tools/domain-contamination-detector.js:282:19)

    console.log


      at DomainContaminationDetector.printReport 
(forest-server/tools/domain-contamination-detector.js:284:17)

    console.log
      ≡ƒôü forest-server\modules\finance-bridge.js

      at DomainContaminationDetector.printReport 
(forest-server/tools/domain-contamination-detector.js:278:17)

    console.log
         Line 30: finance (INDUSTRY_TERMS)

      at DomainContaminationDetector.printReport 
(forest-server/tools/domain-contamination-detector.js:281:19)

    console.log
         Code: args: ['finance-tools-mcp']

      at DomainContaminationDetector.printReport 
(forest-server/tools/domain-contamination-detector.js:282:19)

    console.log
         Line 34: finance (INDUSTRY_TERMS)

      at DomainContaminationDetector.printReport 
(forest-server/tools/domain-contamination-detector.js:281:19)

    console.log
         Code: { name: 'forest-finance-bridge', version: '1.0.0' },

      at DomainContaminationDetector.printReport 
(forest-server/tools/domain-contamination-detector.js:282:19)

    console.log
         Line 40: Finance (INDUSTRY_TERMS)

      at DomainContaminationDetector.printReport 
(forest-server/tools/domain-contamination-detector.js:281:19)

    console.log
         Code: console.log('Γ£à Connected to Finance Tools MCP Server');

      at DomainContaminationDetector.printReport 
(forest-server/tools/domain-contamination-detector.js:282:19)

    console.log
         Line 42: Finance (INDUSTRY_TERMS)

      at DomainContaminationDetector.printReport 
(forest-server/tools/domain-contamination-detector.js:281:19)

    console.log
         Code: console.warn('ΓÜá∩╕Å Could not connect to Finance Tools MCP Server:', error.message);

      at DomainContaminationDetector.printReport 
(forest-server/tools/domain-contamination-detector.js:282:19)

    console.log
         Line 43: finance (INDUSTRY_TERMS)

      at DomainContaminationDetector.printReport 
(forest-server/tools/domain-contamination-detector.js:281:19)

    console.log
         Code: console.warn('Make sure uvx and finance-tools-mcp are installed');

      at DomainContaminationDetector.printReport 
(forest-server/tools/domain-contamination-detector.js:282:19)

    console.log
         Line 65: Finance (INDUSTRY_TERMS)

      at DomainContaminationDetector.printReport 
(forest-server/tools/domain-contamination-detector.js:281:19)

    console.log
         Code: throw new Error('Finance Tools MCP server not available');

      at DomainContaminationDetector.printReport 
(forest-server/tools/domain-contamination-detector.js:282:19)

    console.log
         Line 91: Finance (INDUSTRY_TERMS)

      at DomainContaminationDetector.printReport 
(forest-server/tools/domain-contamination-detector.js:281:19)

    console.log
         Code: throw new Error('Finance Tools MCP server not available');

      at DomainContaminationDetector.printReport 
(forest-server/tools/domain-contamination-detector.js:282:19)

    console.log
         Line 113: income (PERSONAL_TERMS)

      at DomainContaminationDetector.printReport 
(forest-server/tools/domain-contamination-detector.js:281:19)

    console.log
         Code: async getFinancialStatements(ticker, statement_type = 'income', period = 'annual') {

      at DomainContaminationDetector.printReport 
(forest-server/tools/domain-contamination-detector.js:282:19)

    console.log
         Line 117: Finance (INDUSTRY_TERMS)

      at DomainContaminationDetector.printReport 
(forest-server/tools/domain-contamination-detector.js:281:19)

    console.log
         Code: throw new Error('Finance Tools MCP server not available');

      at DomainContaminationDetector.printReport 
(forest-server/tools/domain-contamination-detector.js:282:19)

    console.log
         Line 143: Finance (INDUSTRY_TERMS)

      at DomainContaminationDetector.printReport 
(forest-server/tools/domain-contamination-detector.js:281:19)

    console.log
         Code: throw new Error('Finance Tools MCP server not available');

      at DomainContaminationDetector.printReport 
(forest-server/tools/domain-contamination-detector.js:282:19)

    console.log
         Line 169: Finance (INDUSTRY_TERMS)

      at DomainContaminationDetector.printReport 
(forest-server/tools/domain-contamination-detector.js:281:19)

    console.log
         Code: throw new Error('Finance Tools MCP server not available');

      at DomainContaminationDetector.printReport 
(forest-server/tools/domain-contamination-detector.js:282:19)

    console.log
         Line 198: Finance (INDUSTRY_TERMS)

      at DomainContaminationDetector.printReport 
(forest-server/tools/domain-contamination-detector.js:281:19)

    console.log
         Code: throw new Error('Finance Tools MCP server not available');

      at DomainContaminationDetector.printReport 
(forest-server/tools/domain-contamination-detector.js:282:19)

    console.log
         Line 224: Finance (INDUSTRY_TERMS)

      at DomainContaminationDetector.printReport 
(forest-server/tools/domain-contamination-detector.js:281:19)

    console.log
         Code: throw new Error('Finance Tools MCP server not available');

      at DomainContaminationDetector.printReport 
(forest-server/tools/domain-contamination-detector.js:282:19)

    console.log
         Line 250: Finance (INDUSTRY_TERMS)

      at DomainContaminationDetector.printReport 
(forest-server/tools/domain-contamination-detector.js:281:19)

    console.log
         Code: throw new Error('Finance Tools MCP server not available');

      at DomainContaminationDetector.printReport 
(forest-server/tools/domain-contamination-detector.js:282:19)

    console.log
         Line 276: Finance (INDUSTRY_TERMS)

      at DomainContaminationDetector.printReport 
(forest-server/tools/domain-contamination-detector.js:281:19)

    console.log
         Code: throw new Error('Finance Tools MCP server not available');

      at DomainContaminationDetector.printReport 
(forest-server/tools/domain-contamination-detector.js:282:19)

    console.log


      at DomainContaminationDetector.printReport 
(forest-server/tools/domain-contamination-detector.js:284:17)

    console.log
      ≡ƒôü forest-server\modules\hta-bridge.js

      at DomainContaminationDetector.printReport 
(forest-server/tools/domain-contamination-detector.js:278:17)

    console.log
         Line 175: achieve (GOAL_TERMS)

      at DomainContaminationDetector.printReport 
(forest-server/tools/domain-contamination-detector.js:281:19)

    console.log
         Code: questionTree: htaStructure.question_tree || { root_question: `How to achieve: 
${htaStructure.goal}?`, sub_questions: [] },

      at DomainContaminationDetector.printReport 
(forest-server/tools/domain-contamination-detector.js:282:19)

    console.log
         Line 287: Achieve (GOAL_TERMS)

      at DomainContaminationDetector.printReport 
(forest-server/tools/domain-contamination-detector.js:281:19)

    console.log
         Code: { id: 'branch_3', title: 'Mastery', description: 'Achieve mastery and expertise', 
order: 3 }

      at DomainContaminationDetector.printReport 
(forest-server/tools/domain-contamination-detector.js:282:19)

    console.log
         Line 290: become (GOAL_TERMS)

      at DomainContaminationDetector.printReport 
(forest-server/tools/domain-contamination-detector.js:281:19)

    console.log
         Code: root_question: `What must be true for "${goal}" to become reality?`,

      at DomainContaminationDetector.printReport 
(forest-server/tools/domain-contamination-detector.js:282:19)

    console.log


      at DomainContaminationDetector.printReport 
(forest-server/tools/domain-contamination-detector.js:284:17)

    console.log
      ≡ƒôü forest-server\modules\identity-engine.js

      at DomainContaminationDetector.printReport 
(forest-server/tools/domain-contamination-detector.js:278:17)

    console.log
         Line 367: professional (CAREER_TERMS)

      at DomainContaminationDetector.printReport 
(forest-server/tools/domain-contamination-detector.js:281:19)

    console.log
         Code: if (goal.includes('professional') || metrics.some(m => m.includes('career') || 
m.includes('industry'))) {

      at DomainContaminationDetector.printReport 
(forest-server/tools/domain-contamination-detector.js:282:19)

    console.log
         Line 382: master (GOAL_TERMS)

      at DomainContaminationDetector.printReport 
(forest-server/tools/domain-contamination-detector.js:281:19)

    console.log
         Code: if (goal.includes('expert') || goal.includes('master')) {

      at DomainContaminationDetector.printReport 
(forest-server/tools/domain-contamination-detector.js:282:19)

    console.log
         Line 385: professional (CAREER_TERMS)

      at DomainContaminationDetector.printReport 
(forest-server/tools/domain-contamination-detector.js:281:19)

    console.log
         Code: if (goal.includes('professional') || goal.includes('career')) {

      at DomainContaminationDetector.printReport 
(forest-server/tools/domain-contamination-detector.js:282:19)

    console.log
         Line 386: professional (CAREER_TERMS)

      at DomainContaminationDetector.printReport 
(forest-server/tools/domain-contamination-detector.js:281:19)

    console.log
         Code: beliefs.push('I am a professional in my field');

      at DomainContaminationDetector.printReport 
(forest-server/tools/domain-contamination-detector.js:282:19)

    console.log
         Line 390: achieve (GOAL_TERMS)

      at DomainContaminationDetector.printReport 
(forest-server/tools/domain-contamination-detector.js:281:19)

    console.log
         Code: beliefs.push('I can achieve my goals');

      at DomainContaminationDetector.printReport 
(forest-server/tools/domain-contamination-detector.js:282:19)

    console.log
         Line 400: professional (CAREER_TERMS)

      at DomainContaminationDetector.printReport 
(forest-server/tools/domain-contamination-detector.js:281:19)

    console.log
         Code: if (goal.includes('professional') || metrics.some(m => m.includes('portfolio') || 
m.includes('clients'))) {

      at DomainContaminationDetector.printReport 
(forest-server/tools/domain-contamination-detector.js:282:19)

    console.log
         Line 447: professional (CAREER_TERMS)

      at DomainContaminationDetector.printReport 
(forest-server/tools/domain-contamination-detector.js:281:19)

    console.log
         Code: const progressMap = { 'novice': 0, 'beginner': 25, 'intermediate': 50, 'competent': 
75, 'professional': 90, 'expert': 100 };

      at DomainContaminationDetector.printReport 
(forest-server/tools/domain-contamination-detector.js:282:19)

    console.log
         Line 548: become (GOAL_TERMS)

      at DomainContaminationDetector.printReport 
(forest-server/tools/domain-contamination-detector.js:281:19)

    console.log
         Code: current: 'I am trying to become X',

      at DomainContaminationDetector.printReport 
(forest-server/tools/domain-contamination-detector.js:282:19)

    console.log
         Line 581: professional (CAREER_TERMS)

      at DomainContaminationDetector.printReport 
(forest-server/tools/domain-contamination-detector.js:281:19)

    console.log
         Code: description: 'Limited professional network',

      at DomainContaminationDetector.printReport 
(forest-server/tools/domain-contamination-detector.js:282:19)

    console.log
         Line 607: professional (CAREER_TERMS)

      at DomainContaminationDetector.printReport 
(forest-server/tools/domain-contamination-detector.js:281:19)

    console.log
         Code: { type: 'network', gap: networkGap, milestone: 'Make first professional connections' },

      at DomainContaminationDetector.printReport 
(forest-server/tools/domain-contamination-detector.js:282:19)

    console.log
         Line 622: professional (CAREER_TERMS)

      at DomainContaminationDetector.printReport 
(forest-server/tools/domain-contamination-detector.js:281:19)

    console.log
         Code: const skillLevels = { 'novice': 1, 'beginner': 2, 'intermediate': 3, 'competent': 4, 
'professional': 5, 'expert': 6 };

      at DomainContaminationDetector.printReport 
(forest-server/tools/domain-contamination-detector.js:282:19)

    console.log
         Line 661: professional (CAREER_TERMS)

      at DomainContaminationDetector.printReport 
(forest-server/tools/domain-contamination-detector.js:281:19)

    console.log
         Code: 'Join professional communities or forums',

      at DomainContaminationDetector.printReport 
(forest-server/tools/domain-contamination-detector.js:282:19)

    console.log
         Line 666: achieve (GOAL_TERMS)

      at DomainContaminationDetector.printReport 
(forest-server/tools/domain-contamination-detector.js:281:19)

    console.log
         Code: 'Set and achieve small, clear goals',

      at DomainContaminationDetector.printReport 
(forest-server/tools/domain-contamination-detector.js:282:19)

    console.log
         Line 1042: Professional (CAREER_TERMS)

      at DomainContaminationDetector.printReport 
(forest-server/tools/domain-contamination-detector.js:281:19)

    console.log
         Code: title: 'Established Professional Identity',

      at DomainContaminationDetector.printReport 
(forest-server/tools/domain-contamination-detector.js:282:19)

    console.log
         Line 1423: analyst (CAREER_TERMS)

      at DomainContaminationDetector.printReport 
(forest-server/tools/domain-contamination-detector.js:281:19)

    console.log
         Code: roles.push('analyst');

      at DomainContaminationDetector.printReport 
(forest-server/tools/domain-contamination-detector.js:282:19)

    console.log


      at DomainContaminationDetector.printReport 
(forest-server/tools/domain-contamination-detector.js:284:17)

    console.log
      ≡ƒôü forest-server\modules\llm-integration.js

      at DomainContaminationDetector.printReport 
(forest-server/tools/domain-contamination-detector.js:278:17)

    console.log
         Line 71: ENTERPRISE (INDUSTRY_TERMS)

      at DomainContaminationDetector.printReport 
(forest-server/tools/domain-contamination-detector.js:281:19)

    console.log
         Code: tier: 'ENTERPRISE',

      at DomainContaminationDetector.printReport 
(forest-server/tools/domain-contamination-detector.js:282:19)

    console.log
         Line 73: enterprise (INDUSTRY_TERMS)

      at DomainContaminationDetector.printReport 
(forest-server/tools/domain-contamination-detector.js:281:19)

    console.log
         Code: description: 'Full enterprise complexity orchestration',

      at DomainContaminationDetector.printReport 
(forest-server/tools/domain-contamination-detector.js:282:19)

    console.log
         Line 205: finance (INDUSTRY_TERMS)

      at DomainContaminationDetector.printReport 
(forest-server/tools/domain-contamination-detector.js:281:19)

    console.log
         Code: if (text.includes('finance')) {domains.add('finance');}

      at DomainContaminationDetector.printReport 
(forest-server/tools/domain-contamination-detector.js:282:19)

    console.log
         Line 348: ENTERPRISE (INDUSTRY_TERMS)

      at DomainContaminationDetector.printReport 
(forest-server/tools/domain-contamination-detector.js:281:19)

    console.log
         Code: nextTier: 'ENTERPRISE',

      at DomainContaminationDetector.printReport 
(forest-server/tools/domain-contamination-detector.js:282:19)

    console.log
         Line 350: enterprise (INDUSTRY_TERMS)

      at DomainContaminationDetector.printReport 
(forest-server/tools/domain-contamination-detector.js:281:19)

    console.log
         Code: 'Scale to enterprise level operations',

      at DomainContaminationDetector.printReport 
(forest-server/tools/domain-contamination-detector.js:282:19)

    console.log
         Line 355: ENTERPRISE (INDUSTRY_TERMS)

      at DomainContaminationDetector.printReport 
(forest-server/tools/domain-contamination-detector.js:281:19)

    console.log
         Code: 'ENTERPRISE': {

      at DomainContaminationDetector.printReport 
(forest-server/tools/domain-contamination-detector.js:282:19)

    console.log


      at DomainContaminationDetector.printReport 
(forest-server/tools/domain-contamination-detector.js:284:17)

    console.log
      ≡ƒôü forest-server\modules\mcp-handlers.js

      at DomainContaminationDetector.printReport 
(forest-server/tools/domain-contamination-detector.js:278:17)

    console.log
         Line 175: achieve (GOAL_TERMS)

      at DomainContaminationDetector.printReport 
(forest-server/tools/domain-contamination-detector.js:281:19)

    console.log
         Code: description: 'Ultimate ambitious goal (what you want to achieve)'

      at DomainContaminationDetector.printReport 
(forest-server/tools/domain-contamination-detector.js:282:19)

    console.log
         Line 180: piano (SKILL_TERMS)

      at DomainContaminationDetector.printReport 
(forest-server/tools/domain-contamination-detector.js:281:19)

    console.log
         Code: description: 'Optional: Specific things you want to be able to do (e.g. "play Let It 
Be on piano", "build a personal website"). Leave empty if you\'re not sure yet - the system will help 
you discover interests.'

      at DomainContaminationDetector.printReport 
(forest-server/tools/domain-contamination-detector.js:282:19)

    console.log
         Line 187: saxophone (SKILL_TERMS)

      at DomainContaminationDetector.printReport 
(forest-server/tools/domain-contamination-detector.js:281:19)

    console.log
         Code: path_name: { type: 'string', description: 'Name of the learning path (e.g. 
"saxophone", "piano", "theory")' },

      at DomainContaminationDetector.printReport 
(forest-server/tools/domain-contamination-detector.js:282:19)

    console.log
         Line 193: piano (SKILL_TERMS)

      at DomainContaminationDetector.printReport 
(forest-server/tools/domain-contamination-detector.js:281:19)

    console.log
         Code: description: 'Optional: Define separate learning paths within your goal for isolated 
focus (e.g. separate piano and saxophone paths)'

      at DomainContaminationDetector.printReport 
(forest-server/tools/domain-contamination-detector.js:282:19)

    console.log
         Line 216: Budget (PERSONAL_TERMS)

      at DomainContaminationDetector.printReport 
(forest-server/tools/domain-contamination-detector.js:281:19)

    console.log
         Code: description: 'Budget limitations affecting learning resources'

      at DomainContaminationDetector.printReport 
(forest-server/tools/domain-contamination-detector.js:282:19)

    console.log
         Line 229: Degree (GOAL_TERMS)

      at DomainContaminationDetector.printReport 
(forest-server/tools/domain-contamination-detector.js:281:19)

    console.log
         Code: credential_type: { type: 'string', description: 'Degree, certificate, course, etc.' },

      at DomainContaminationDetector.printReport 
(forest-server/tools/domain-contamination-detector.js:282:19)

    console.log
         Line 235: education (INDUSTRY_TERMS)

      at DomainContaminationDetector.printReport 
(forest-server/tools/domain-contamination-detector.js:281:19)

    console.log
         Code: description: 'All existing education, certificates, and relevant experience'

      at DomainContaminationDetector.printReport 
(forest-server/tools/domain-contamination-detector.js:282:19)

    console.log
         Line 271: achieve (GOAL_TERMS)

      at DomainContaminationDetector.printReport 
(forest-server/tools/domain-contamination-detector.js:281:19)

    console.log
         Code: description: 'How urgently you need to achieve this goal'

      at DomainContaminationDetector.printReport 
(forest-server/tools/domain-contamination-detector.js:282:19)

    console.log
         Line 276: portfolio (CAREER_TERMS)

      at DomainContaminationDetector.printReport 
(forest-server/tools/domain-contamination-detector.js:281:19)

    console.log
         Code: description: 'How you will measure success (income, job offers, portfolio pieces, 
etc.)'

      at DomainContaminationDetector.printReport 
(forest-server/tools/domain-contamination-detector.js:282:19)

    console.log
         Line 276: income (PERSONAL_TERMS)

      at DomainContaminationDetector.printReport 
(forest-server/tools/domain-contamination-detector.js:281:19)

    console.log
         Code: description: 'How you will measure success (income, job offers, portfolio pieces, 
etc.)'

      at DomainContaminationDetector.printReport 
(forest-server/tools/domain-contamination-detector.js:282:19)

    console.log
         Line 320: saxophone (SKILL_TERMS)

      at DomainContaminationDetector.printReport 
(forest-server/tools/domain-contamination-detector.js:281:19)

    console.log
         Code: description: 'Learning path to build HTA tree for (e.g. "saxophone", "piano"). If not 
specified, builds for active path or general project.'

      at DomainContaminationDetector.printReport 
(forest-server/tools/domain-contamination-detector.js:282:19)

    console.log
         Line 576: state (LOCATION_TERMS)

      at DomainContaminationDetector.printReport 
(forest-server/tools/domain-contamination-detector.js:281:19)

    console.log
         Code: description: 'Sync current Forest state to memory for context awareness',

      at DomainContaminationDetector.printReport 
(forest-server/tools/domain-contamination-detector.js:282:19)

    console.log
         Line 599: saxophone (SKILL_TERMS)

      at DomainContaminationDetector.printReport 
(forest-server/tools/domain-contamination-detector.js:281:19)

    console.log
         Code: description: 'Set focus to a specific learning path within the project (e.g. 
"saxophone", "piano", "theory")',

      at DomainContaminationDetector.printReport 
(forest-server/tools/domain-contamination-detector.js:282:19)

    console.log
         Line 605: saxophone (SKILL_TERMS)

      at DomainContaminationDetector.printReport 
(forest-server/tools/domain-contamination-detector.js:281:19)

    console.log
         Code: description: 'Name of the learning path to focus on (e.g. "saxophone", "piano", "web 
development")'

      at DomainContaminationDetector.printReport 
(forest-server/tools/domain-contamination-detector.js:282:19)

    console.log
         Line 622: professional (CAREER_TERMS)

      at DomainContaminationDetector.printReport 
(forest-server/tools/domain-contamination-detector.js:281:19)

    console.log
         Code: description: 'Analyze current identity and generate micro-shifts toward target 
professional identity',

      at DomainContaminationDetector.printReport 
(forest-server/tools/domain-contamination-detector.js:282:19)

    console.log
         Line 730: analyst (CAREER_TERMS)

      at DomainContaminationDetector.printReport 
(forest-server/tools/domain-contamination-detector.js:281:19)

    console.log
         Code: description: 'Comprehensive stock analysis including overview, news, metrics, 
performance, and analyst recommendations',

      at DomainContaminationDetector.printReport 
(forest-server/tools/domain-contamination-detector.js:282:19)

    console.log
         Line 763: income (PERSONAL_TERMS)

      at DomainContaminationDetector.printReport 
(forest-server/tools/domain-contamination-detector.js:281:19)

    console.log
         Code: description: 'Access financial statements (income, balance sheet, cash flow) for 
fundamental analysis',

      at DomainContaminationDetector.printReport 
(forest-server/tools/domain-contamination-detector.js:282:19)

    console.log
         Line 773: income (PERSONAL_TERMS)

      at DomainContaminationDetector.printReport 
(forest-server/tools/domain-contamination-detector.js:281:19)

    console.log
         Code: enum: ['income', 'balance', 'cash'],

      at DomainContaminationDetector.printReport 
(forest-server/tools/domain-contamination-detector.js:282:19)

    console.log
         Line 775: income (PERSONAL_TERMS)

      at DomainContaminationDetector.printReport 
(forest-server/tools/domain-contamination-detector.js:281:19)

    console.log
         Code: default: 'income'

      at DomainContaminationDetector.printReport 
(forest-server/tools/domain-contamination-detector.js:282:19)

    console.log
         Line 810: Python (SKILL_TERMS)

      at DomainContaminationDetector.printReport 
(forest-server/tools/domain-contamination-detector.js:281:19)

    console.log
         Code: description: 'Perform financial calculations using Python math syntax and NumPy',

      at DomainContaminationDetector.printReport 
(forest-server/tools/domain-contamination-detector.js:282:19)

    console.log


      at DomainContaminationDetector.printReport 
(forest-server/tools/domain-contamination-detector.js:284:17)

    console.log
      ≡ƒôü forest-server\modules\memory-sync.js

      at DomainContaminationDetector.printReport 
(forest-server/tools/domain-contamination-detector.js:278:17)

    console.log
         Line 77: state (LOCATION_TERMS)

      at DomainContaminationDetector.printReport 
(forest-server/tools/domain-contamination-detector.js:281:19)

    console.log
         Code: text: `Forest state synced to memory for project: ${activeProjectId}\n\n` +

      at DomainContaminationDetector.printReport 
(forest-server/tools/domain-contamination-detector.js:282:19)

    console.log


      at DomainContaminationDetector.printReport 
(forest-server/tools/domain-contamination-detector.js:284:17)

    console.log
      ≡ƒôü forest-server\modules\project-management.js

      at DomainContaminationDetector.printReport 
(forest-server/tools/domain-contamination-detector.js:278:17)

    console.log
         Line 168: state (LOCATION_TERMS)

      at DomainContaminationDetector.printReport 
(forest-server/tools/domain-contamination-detector.js:281:19)

    console.log
         Code: throw new Error('Critical: Could not write global config file. Project state may be 
lost.');

      at DomainContaminationDetector.printReport 
(forest-server/tools/domain-contamination-detector.js:282:19)

    console.log
         Line 253: state (LOCATION_TERMS)

      at DomainContaminationDetector.printReport 
(forest-server/tools/domain-contamination-detector.js:281:19)

    console.log
         Code: throw new Error('Critical: Could not write global config file. Project state may be 
lost.');

      at DomainContaminationDetector.printReport 
(forest-server/tools/domain-contamination-detector.js:282:19)

    console.log


      at DomainContaminationDetector.printReport 
(forest-server/tools/domain-contamination-detector.js:284:17)

    console.log
      ≡ƒôü forest-server\modules\system-clock.js

      at DomainContaminationDetector.printReport 
(forest-server/tools/domain-contamination-detector.js:278:17)

    console.log
         Line 423: state (LOCATION_TERMS)

      at DomainContaminationDetector.printReport 
(forest-server/tools/domain-contamination-detector.js:281:19)

    console.log
         Code: console.error('ΓÜá∩╕Å Error gathering system state:', error.message);

      at DomainContaminationDetector.printReport 
(forest-server/tools/domain-contamination-detector.js:282:19)

    console.log


      at DomainContaminationDetector.printReport 
(forest-server/tools/domain-contamination-detector.js:284:17)

    console.log
      ≡ƒôü forest-server\modules\task-completion.js

      at DomainContaminationDetector.printReport 
(forest-server/tools/domain-contamination-detector.js:278:17)

    console.log
         Line 499: professional (CAREER_TERMS)

      at DomainContaminationDetector.printReport 
(forest-server/tools/domain-contamination-detector.js:281:19)

    console.log
         Code: 'Share your work with their professional networks',

      at DomainContaminationDetector.printReport 
(forest-server/tools/domain-contamination-detector.js:282:19)

    console.log
         Line 561: professional (CAREER_TERMS)

      at DomainContaminationDetector.printReport 
(forest-server/tools/domain-contamination-detector.js:281:19)

    console.log
         Code: accelerated_professional_path: 'Focus on professional networking and content creation',

      at DomainContaminationDetector.printReport 
(forest-server/tools/domain-contamination-detector.js:282:19)

    console.log
         Line 563: professional (CAREER_TERMS)

      at DomainContaminationDetector.printReport 
(forest-server/tools/domain-contamination-detector.js:281:19)

    console.log
         Code: networking_focus_path: 'Prioritize building professional connections',

      at DomainContaminationDetector.printReport 
(forest-server/tools/domain-contamination-detector.js:282:19)

    console.log


      at DomainContaminationDetector.printReport 
(forest-server/tools/domain-contamination-detector.js:284:17)

    console.log
      ≡ƒôü forest-server\modules\task-logic\task-scorer.js

      at DomainContaminationDetector.printReport 
(forest-server/tools/domain-contamination-detector.js:278:17)

    console.log
         Line 95: budget (PERSONAL_TERMS)

      at DomainContaminationDetector.printReport 
(forest-server/tools/domain-contamination-detector.js:281:19)

    console.log
         Code: if (task.isFreeResource && fullConfig.constraints?.financial_constraints?.includes('no 
budget')) {

      at DomainContaminationDetector.printReport 
(forest-server/tools/domain-contamination-detector.js:282:19)

    console.log
         Line 96: budget (PERSONAL_TERMS)

      at DomainContaminationDetector.printReport 
(forest-server/tools/domain-contamination-detector.js:281:19)

    console.log
         Code: score += 150; // Massively boost free tasks if user has no budget

      at DomainContaminationDetector.printReport 
(forest-server/tools/domain-contamination-detector.js:282:19)

    console.log
         Line 99: budget (PERSONAL_TERMS)

      at DomainContaminationDetector.printReport 
(forest-server/tools/domain-contamination-detector.js:281:19)

    console.log
         Code: if (task.cost === 'free' || task.budget === 'zero' || 
task.title?.toLowerCase().includes('free')) {

      at DomainContaminationDetector.printReport 
(forest-server/tools/domain-contamination-detector.js:282:19)

    console.log
         Line 100: budget (PERSONAL_TERMS)

      at DomainContaminationDetector.printReport 
(forest-server/tools/domain-contamination-detector.js:281:19)

    console.log
         Code: if (fullConfig.constraints?.financial_constraints?.includes('no budget') ||

      at DomainContaminationDetector.printReport 
(forest-server/tools/domain-contamination-detector.js:282:19)

    console.log
         Line 101: budget (PERSONAL_TERMS)

      at DomainContaminationDetector.printReport 
(forest-server/tools/domain-contamination-detector.js:281:19)

    console.log
         Code: fullConfig.constraints?.financial_constraints?.includes('limited budget')) {

      at DomainContaminationDetector.printReport 
(forest-server/tools/domain-contamination-detector.js:282:19)

    console.log
         Line 102: budget (PERSONAL_TERMS)

      at DomainContaminationDetector.printReport 
(forest-server/tools/domain-contamination-detector.js:281:19)

    console.log
         Code: score += 120; // Major boost for free resources when budget is constrained

      at DomainContaminationDetector.printReport 
(forest-server/tools/domain-contamination-detector.js:282:19)

    console.log
         Line 366: medical (INDUSTRY_TERMS)

      at DomainContaminationDetector.printReport 
(forest-server/tools/domain-contamination-detector.js:281:19)

    console.log
         Code: 'lost savings', 'no money', 'broke', 'financial crisis', 'medical bills', 'zero 
budget',

      at DomainContaminationDetector.printReport 
(forest-server/tools/domain-contamination-detector.js:282:19)

    console.log
         Line 366: savings (PERSONAL_TERMS)

      at DomainContaminationDetector.printReport 
(forest-server/tools/domain-contamination-detector.js:281:19)

    console.log
         Code: 'lost savings', 'no money', 'broke', 'financial crisis', 'medical bills', 'zero 
budget',

      at DomainContaminationDetector.printReport 
(forest-server/tools/domain-contamination-detector.js:282:19)

    console.log
         Line 386: savings (PERSONAL_TERMS)

      at DomainContaminationDetector.printReport 
(forest-server/tools/domain-contamination-detector.js:281:19)

    console.log
         Code: if (contextLower.includes('lost savings') || contextLower.includes('zero budget') || 
contextLower.includes('no money')) {

      at DomainContaminationDetector.printReport 
(forest-server/tools/domain-contamination-detector.js:282:19)

    console.log


      at DomainContaminationDetector.printReport 
(forest-server/tools/domain-contamination-detector.js:284:17)

    console.log
      ≡ƒôü forest-server\modules\task-logic\__tests__\task-scorer.test.js

      at DomainContaminationDetector.printReport 
(forest-server/tools/domain-contamination-detector.js:278:17)

    console.log
         Line 7: JavaScript (SKILL_TERMS)

      at DomainContaminationDetector.printReport 
(forest-server/tools/domain-contamination-detector.js:281:19)

    console.log
         Code: title: 'Learn JavaScript basics',

      at DomainContaminationDetector.printReport 
(forest-server/tools/domain-contamination-detector.js:282:19)

    console.log
         Line 8: JavaScript (SKILL_TERMS)

      at DomainContaminationDetector.printReport 
(forest-server/tools/domain-contamination-detector.js:281:19)

    console.log
         Code: description: 'Study fundamental JavaScript concepts',

      at DomainContaminationDetector.printReport 
(forest-server/tools/domain-contamination-detector.js:282:19)

    console.log
         Line 38: budget (PERSONAL_TERMS)

      at DomainContaminationDetector.printReport 
(forest-server/tools/domain-contamination-detector.js:281:19)

    console.log
         Code: description: 'Complete zero budget learning module',

      at DomainContaminationDetector.printReport 
(forest-server/tools/domain-contamination-detector.js:282:19)

    console.log
         Line 46: developer (CAREER_TERMS)

      at DomainContaminationDetector.printReport 
(forest-server/tools/domain-contamination-detector.js:281:19)

    console.log
         Code: goal: 'Become a JavaScript developer',

      at DomainContaminationDetector.printReport 
(forest-server/tools/domain-contamination-detector.js:282:19)

    console.log
         Line 46: JavaScript (SKILL_TERMS)

      at DomainContaminationDetector.printReport 
(forest-server/tools/domain-contamination-detector.js:281:19)

    console.log
         Code: goal: 'Become a JavaScript developer',

      at DomainContaminationDetector.printReport 
(forest-server/tools/domain-contamination-detector.js:282:19)

    console.log
         Line 46: Become (GOAL_TERMS)

      at DomainContaminationDetector.printReport 
(forest-server/tools/domain-contamination-detector.js:281:19)

    console.log
         Code: goal: 'Become a JavaScript developer',

      at DomainContaminationDetector.printReport 
(forest-server/tools/domain-contamination-detector.js:282:19)

    console.log
         Line 148: savings (PERSONAL_TERMS)

      at DomainContaminationDetector.printReport 
(forest-server/tools/domain-contamination-detector.js:281:19)

    console.log
         Code: const lifeChangeContext = 'I lost my savings and have zero budget for learning';

      at DomainContaminationDetector.printReport 
(forest-server/tools/domain-contamination-detector.js:282:19)

    console.log
         Line 164: JavaScript (SKILL_TERMS)

      at DomainContaminationDetector.printReport 
(forest-server/tools/domain-contamination-detector.js:281:19)

    console.log
         Code: const contextFromMemory = 'Working on JavaScript and web development projects';

      at DomainContaminationDetector.printReport 
(forest-server/tools/domain-contamination-detector.js:282:19)

    console.log
         Line 215: JavaScript (SKILL_TERMS)

      at DomainContaminationDetector.printReport 
(forest-server/tools/domain-contamination-detector.js:281:19)

    console.log
         Code: title: 'JavaScript tutorial',

      at DomainContaminationDetector.printReport 
(forest-server/tools/domain-contamination-detector.js:282:19)

    console.log
         Line 248: JavaScript (SKILL_TERMS)

      at DomainContaminationDetector.printReport 
(forest-server/tools/domain-contamination-detector.js:281:19)

    console.log
         Code: title: 'JavaScript debugging',

      at DomainContaminationDetector.printReport 
(forest-server/tools/domain-contamination-detector.js:282:19)

    console.log
         Line 252: JavaScript (SKILL_TERMS)

      at DomainContaminationDetector.printReport 
(forest-server/tools/domain-contamination-detector.js:281:19)

    console.log
         Code: const relevantContext = 'Working on JavaScript application development';

      at DomainContaminationDetector.printReport 
(forest-server/tools/domain-contamination-detector.js:282:19)

    console.log
         Line 275: JavaScript (SKILL_TERMS)

      at DomainContaminationDetector.printReport 
(forest-server/tools/domain-contamination-detector.js:281:19)

    console.log
         Code: const objectContext = { activity: 'programming', language: 'JavaScript' };

      at DomainContaminationDetector.printReport 
(forest-server/tools/domain-contamination-detector.js:282:19)

    console.log
         Line 308: savings (PERSONAL_TERMS)

      at DomainContaminationDetector.printReport 
(forest-server/tools/domain-contamination-detector.js:281:19)

    console.log
         Code: expect(TaskScorer.isLifeChangeContext('I lost savings')).toBe(true);

      at DomainContaminationDetector.printReport 
(forest-server/tools/domain-contamination-detector.js:282:19)

    console.log
         Line 311: budget (PERSONAL_TERMS)

      at DomainContaminationDetector.printReport 
(forest-server/tools/domain-contamination-detector.js:281:19)

    console.log
         Code: expect(TaskScorer.isLifeChangeContext('zero budget situation')).toBe(true);

      at DomainContaminationDetector.printReport 
(forest-server/tools/domain-contamination-detector.js:282:19)

    console.log
         Line 316: family (PERSONAL_TERMS)

      at DomainContaminationDetector.printReport 
(forest-server/tools/domain-contamination-detector.js:281:19)

    console.log
         Code: expect(TaskScorer.isLifeChangeContext('taking care of family')).toBe(true);

      at DomainContaminationDetector.printReport 
(forest-server/tools/domain-contamination-detector.js:282:19)

    console.log
         Line 333: JavaScript (SKILL_TERMS)

      at DomainContaminationDetector.printReport 
(forest-server/tools/domain-contamination-detector.js:281:19)

    console.log
         Code: expect(TaskScorer.isLifeChangeContext('Learning JavaScript')).toBe(false);

      at DomainContaminationDetector.printReport 
(forest-server/tools/domain-contamination-detector.js:282:19)

    console.log
         Line 340: savings (PERSONAL_TERMS)

      at DomainContaminationDetector.printReport 
(forest-server/tools/domain-contamination-detector.js:281:19)

    console.log
         Code: expect(TaskScorer.detectLifeChangeType('lost savings')).toBe('financial_crisis');

      at DomainContaminationDetector.printReport 
(forest-server/tools/domain-contamination-detector.js:282:19)

    console.log
         Line 341: budget (PERSONAL_TERMS)

      at DomainContaminationDetector.printReport 
(forest-server/tools/domain-contamination-detector.js:281:19)

    console.log
         Code: expect(TaskScorer.detectLifeChangeType('zero budget')).toBe('financial_crisis');

      at DomainContaminationDetector.printReport 
(forest-server/tools/domain-contamination-detector.js:282:19)

    console.log
         Line 352: city (LOCATION_TERMS)

      at DomainContaminationDetector.printReport 
(forest-server/tools/domain-contamination-detector.js:281:19)

    console.log
         Code: expect(TaskScorer.detectLifeChangeType('relocated to new 
city')).toBe('location_change');

      at DomainContaminationDetector.printReport 
(forest-server/tools/domain-contamination-detector.js:282:19)

    console.log
         Line 362: medical (INDUSTRY_TERMS)

      at DomainContaminationDetector.printReport 
(forest-server/tools/domain-contamination-detector.js:281:19)

    console.log
         Code: expect(TaskScorer.detectLifeChangeType('medical emergency')).toBe('health_crisis');

      at DomainContaminationDetector.printReport 
(forest-server/tools/domain-contamination-detector.js:282:19)

    console.log


      at DomainContaminationDetector.printReport 
(forest-server/tools/domain-contamination-detector.js:284:17)

    console.log
      ≡ƒôü forest-server\modules\task-quality-verifier.js

      at DomainContaminationDetector.printReport 
(forest-server/tools/domain-contamination-detector.js:278:17)

    console.log
         Line 37: become (GOAL_TERMS)

      at DomainContaminationDetector.printReport 
(forest-server/tools/domain-contamination-detector.js:281:19)

    console.log
         Code: /^become aware of/i,

      at DomainContaminationDetector.printReport 
(forest-server/tools/domain-contamination-detector.js:282:19)

    console.log
         Line 220: portfolio (CAREER_TERMS)

      at DomainContaminationDetector.printReport 
(forest-server/tools/domain-contamination-detector.js:281:19)

    console.log
         Code: if (/\b(document|file|page|profile|application|portfolio|presentation|report|plan|list|
email|message|form|template)\b/i.test(task.title)) {

      at DomainContaminationDetector.printReport 
(forest-server/tools/domain-contamination-detector.js:282:19)

    console.log


      at DomainContaminationDetector.printReport 
(forest-server/tools/domain-contamination-detector.js:284:17)

    console.log
      ≡ƒôü forest-server\modules\tool-router.js

      at DomainContaminationDetector.printReport 
(forest-server/tools/domain-contamination-detector.js:278:17)

    console.log
         Line 68: writing (SKILL_TERMS)

      at DomainContaminationDetector.printReport 
(forest-server/tools/domain-contamination-detector.js:281:19)

    console.log
         Code: console.error(`[STACK-TRACE] Error writing log: ${err.message}`);

      at DomainContaminationDetector.printReport 
(forest-server/tools/domain-contamination-detector.js:282:19)

    console.log
         Line 251: finance (INDUSTRY_TERMS)

      at DomainContaminationDetector.printReport 
(forest-server/tools/domain-contamination-detector.js:281:19)

    console.log
         Code: const { FinanceTools } = await import('../tools/finance-tools.js');

      at DomainContaminationDetector.printReport 
(forest-server/tools/domain-contamination-detector.js:282:19)

    console.log
         Line 254: finance (INDUSTRY_TERMS)

      at DomainContaminationDetector.printReport 
(forest-server/tools/domain-contamination-detector.js:281:19)

    console.log
         Code: }, 'finance');

      at DomainContaminationDetector.printReport 
(forest-server/tools/domain-contamination-detector.js:282:19)

    console.log
         Line 256: finance (INDUSTRY_TERMS)

      at DomainContaminationDetector.printReport 
(forest-server/tools/domain-contamination-detector.js:281:19)

    console.log
         Code: const { FinanceTools } = await import('../tools/finance-tools.js');

      at DomainContaminationDetector.printReport 
(forest-server/tools/domain-contamination-detector.js:282:19)

    console.log
         Line 259: finance (INDUSTRY_TERMS)

      at DomainContaminationDetector.printReport 
(forest-server/tools/domain-contamination-detector.js:281:19)

    console.log
         Code: }, 'finance');

      at DomainContaminationDetector.printReport 
(forest-server/tools/domain-contamination-detector.js:282:19)

    console.log
         Line 261: finance (INDUSTRY_TERMS)

      at DomainContaminationDetector.printReport 
(forest-server/tools/domain-contamination-detector.js:281:19)

    console.log
         Code: const { FinanceTools } = await import('../tools/finance-tools.js');

      at DomainContaminationDetector.printReport 
(forest-server/tools/domain-contamination-detector.js:282:19)

    console.log
         Line 264: finance (INDUSTRY_TERMS)

      at DomainContaminationDetector.printReport 
(forest-server/tools/domain-contamination-detector.js:281:19)

    console.log
         Code: }, 'finance');

      at DomainContaminationDetector.printReport 
(forest-server/tools/domain-contamination-detector.js:282:19)

    console.log
         Line 266: finance (INDUSTRY_TERMS)

      at DomainContaminationDetector.printReport 
(forest-server/tools/domain-contamination-detector.js:281:19)

    console.log
         Code: const { FinanceTools } = await import('../tools/finance-tools.js');

      at DomainContaminationDetector.printReport 
(forest-server/tools/domain-contamination-detector.js:282:19)

    console.log
         Line 269: finance (INDUSTRY_TERMS)

      at DomainContaminationDetector.printReport 
(forest-server/tools/domain-contamination-detector.js:281:19)

    console.log
         Code: }, 'finance');

      at DomainContaminationDetector.printReport 
(forest-server/tools/domain-contamination-detector.js:282:19)

    console.log
         Line 271: finance (INDUSTRY_TERMS)

      at DomainContaminationDetector.printReport 
(forest-server/tools/domain-contamination-detector.js:281:19)

    console.log
         Code: const { FinanceTools } = await import('../tools/finance-tools.js');

      at DomainContaminationDetector.printReport 
(forest-server/tools/domain-contamination-detector.js:282:19)

    console.log
         Line 274: finance (INDUSTRY_TERMS)

      at DomainContaminationDetector.printReport 
(forest-server/tools/domain-contamination-detector.js:281:19)

    console.log
         Code: }, 'finance');

      at DomainContaminationDetector.printReport 
(forest-server/tools/domain-contamination-detector.js:282:19)

    console.log
         Line 276: finance (INDUSTRY_TERMS)

      at DomainContaminationDetector.printReport 
(forest-server/tools/domain-contamination-detector.js:281:19)

    console.log
         Code: const { FinanceTools } = await import('../tools/finance-tools.js');

      at DomainContaminationDetector.printReport 
(forest-server/tools/domain-contamination-detector.js:282:19)

    console.log
         Line 279: finance (INDUSTRY_TERMS)

      at DomainContaminationDetector.printReport 
(forest-server/tools/domain-contamination-detector.js:281:19)

    console.log
         Code: }, 'finance');

      at DomainContaminationDetector.printReport 
(forest-server/tools/domain-contamination-detector.js:282:19)

    console.log
         Line 281: finance (INDUSTRY_TERMS)

      at DomainContaminationDetector.printReport 
(forest-server/tools/domain-contamination-detector.js:281:19)

    console.log
         Code: const { FinanceTools } = await import('../tools/finance-tools.js');

      at DomainContaminationDetector.printReport 
(forest-server/tools/domain-contamination-detector.js:282:19)

    console.log
         Line 284: finance (INDUSTRY_TERMS)

      at DomainContaminationDetector.printReport 
(forest-server/tools/domain-contamination-detector.js:281:19)

    console.log
         Code: }, 'finance');

      at DomainContaminationDetector.printReport 
(forest-server/tools/domain-contamination-detector.js:282:19)

    console.log
         Line 286: finance (INDUSTRY_TERMS)

      at DomainContaminationDetector.printReport 
(forest-server/tools/domain-contamination-detector.js:281:19)

    console.log
         Code: const { FinanceTools } = await import('../tools/finance-tools.js');

      at DomainContaminationDetector.printReport 
(forest-server/tools/domain-contamination-detector.js:282:19)

    console.log
         Line 289: finance (INDUSTRY_TERMS)

      at DomainContaminationDetector.printReport 
(forest-server/tools/domain-contamination-detector.js:281:19)

    console.log
         Code: }, 'finance');

      at DomainContaminationDetector.printReport 
(forest-server/tools/domain-contamination-detector.js:282:19)

    console.log
         Line 291: finance (INDUSTRY_TERMS)

      at DomainContaminationDetector.printReport 
(forest-server/tools/domain-contamination-detector.js:281:19)

    console.log
         Code: const { FinanceTools } = await import('../tools/finance-tools.js');

      at DomainContaminationDetector.printReport 
(forest-server/tools/domain-contamination-detector.js:282:19)

    console.log
         Line 294: finance (INDUSTRY_TERMS)

      at DomainContaminationDetector.printReport 
(forest-server/tools/domain-contamination-detector.js:281:19)

    console.log
         Code: }, 'finance');

      at DomainContaminationDetector.printReport 
(forest-server/tools/domain-contamination-detector.js:282:19)

    console.log
         Line 347: Master (GOAL_TERMS)

      at DomainContaminationDetector.printReport 
(forest-server/tools/domain-contamination-detector.js:281:19)

    console.log
         Code: const goalOverride = `Master material from ${pdfData?.metadata?.title || pdfPath}`;

      at DomainContaminationDetector.printReport 
(forest-server/tools/domain-contamination-detector.js:282:19)

    console.log


      at DomainContaminationDetector.printReport 
(forest-server/tools/domain-contamination-detector.js:284:17)

    console.log
      ≡ƒôü forest-server\modules\utils\llm-circuit-breaker.js

      at DomainContaminationDetector.printReport 
(forest-server/tools/domain-contamination-detector.js:278:17)

    console.log
         Line 62: state (LOCATION_TERMS)

      at DomainContaminationDetector.printReport 
(forest-server/tools/domain-contamination-detector.js:281:19)

    console.log
         Code: this.circuits = new Map(); // Per call type circuit state

      at DomainContaminationDetector.printReport 
(forest-server/tools/domain-contamination-detector.js:282:19)

    console.log
         Line 92: state (LOCATION_TERMS)

      at DomainContaminationDetector.printReport 
(forest-server/tools/domain-contamination-detector.js:281:19)

    console.log
         Code: if (circuit.state === CIRCUIT_STATES.OPEN) {

      at DomainContaminationDetector.printReport 
(forest-server/tools/domain-contamination-detector.js:282:19)

    console.log
         Line 95: state (LOCATION_TERMS)

      at DomainContaminationDetector.printReport 
(forest-server/tools/domain-contamination-detector.js:281:19)

    console.log
         Code: circuit.state = CIRCUIT_STATES.HALF_OPEN;

      at DomainContaminationDetector.printReport 
(forest-server/tools/domain-contamination-detector.js:282:19)

    console.log
         Line 106: state (LOCATION_TERMS)

      at DomainContaminationDetector.printReport 
(forest-server/tools/domain-contamination-detector.js:281:19)

    console.log
         Code: if (circuit.state === CIRCUIT_STATES.HALF_OPEN) {

      at DomainContaminationDetector.printReport 
(forest-server/tools/domain-contamination-detector.js:282:19)

    console.log
         Line 121: state (LOCATION_TERMS)

      at DomainContaminationDetector.printReport 
(forest-server/tools/domain-contamination-detector.js:281:19)

    console.log
         Code: if (circuit.state === CIRCUIT_STATES.HALF_OPEN) {

      at DomainContaminationDetector.printReport 
(forest-server/tools/domain-contamination-detector.js:282:19)

    console.log
         Line 122: state (LOCATION_TERMS)

      at DomainContaminationDetector.printReport 
(forest-server/tools/domain-contamination-detector.js:281:19)

    console.log
         Code: circuit.state = CIRCUIT_STATES.CLOSED;

      at DomainContaminationDetector.printReport 
(forest-server/tools/domain-contamination-detector.js:282:19)

    console.log
         Line 157: state (LOCATION_TERMS)

      at DomainContaminationDetector.printReport 
(forest-server/tools/domain-contamination-detector.js:281:19)

    console.log
         Code: if (circuit.state !== CIRCUIT_STATES.OPEN) {

      at DomainContaminationDetector.printReport 
(forest-server/tools/domain-contamination-detector.js:282:19)

    console.log
         Line 158: state (LOCATION_TERMS)

      at DomainContaminationDetector.printReport 
(forest-server/tools/domain-contamination-detector.js:281:19)

    console.log
         Code: circuit.state = CIRCUIT_STATES.OPEN;

      at DomainContaminationDetector.printReport 
(forest-server/tools/domain-contamination-detector.js:282:19)

    console.log
         Line 174: state (LOCATION_TERMS)

      at DomainContaminationDetector.printReport 
(forest-server/tools/domain-contamination-detector.js:281:19)

    console.log
         Code: circuitState: circuit.state

      at DomainContaminationDetector.printReport 
(forest-server/tools/domain-contamination-detector.js:282:19)

    console.log
         Line 205: state (LOCATION_TERMS)

      at DomainContaminationDetector.printReport 
(forest-server/tools/domain-contamination-detector.js:281:19)

    console.log
         Code: state: CIRCUIT_STATES.CLOSED,

      at DomainContaminationDetector.printReport 
(forest-server/tools/domain-contamination-detector.js:282:19)

    console.log
         Line 221: state (LOCATION_TERMS)

      at DomainContaminationDetector.printReport 
(forest-server/tools/domain-contamination-detector.js:281:19)

    console.log
         Code: state: circuit.state,

      at DomainContaminationDetector.printReport 
(forest-server/tools/domain-contamination-detector.js:282:19)

    console.log
         Line 236: state (LOCATION_TERMS)

      at DomainContaminationDetector.printReport 
(forest-server/tools/domain-contamination-detector.js:281:19)

    console.log
         Code: circuit.state = CIRCUIT_STATES.CLOSED;

      at DomainContaminationDetector.printReport 
(forest-server/tools/domain-contamination-detector.js:282:19)

    console.log


      at DomainContaminationDetector.printReport 
(forest-server/tools/domain-contamination-detector.js:284:17)

    console.log
      ≡ƒôü forest-server\project-management.js

      at DomainContaminationDetector.printReport 
(forest-server/tools/domain-contamination-detector.js:278:17)

    console.log
         Line 45: portfolio (CAREER_TERMS)

      at DomainContaminationDetector.printReport 
(forest-server/tools/domain-contamination-detector.js:281:19)

    console.log
         Code: `Example: "Learn piano to play jazz standards" or "Build a personal portfolio website"`

      at DomainContaminationDetector.printReport 
(forest-server/tools/domain-contamination-detector.js:282:19)

    console.log
         Line 45: piano (SKILL_TERMS)

      at DomainContaminationDetector.printReport 
(forest-server/tools/domain-contamination-detector.js:281:19)

    console.log
         Code: `Example: "Learn piano to play jazz standards" or "Build a personal portfolio website"`

      at DomainContaminationDetector.printReport 
(forest-server/tools/domain-contamination-detector.js:282:19)

    console.log
         Line 110: piano (SKILL_TERMS)

      at DomainContaminationDetector.printReport 
(forest-server/tools/domain-contamination-detector.js:281:19)

    console.log
         Code: `Example: ["play Let It Be on piano", "build a personal website"]`

      at DomainContaminationDetector.printReport 
(forest-server/tools/domain-contamination-detector.js:282:19)

    console.log
         Line 117: piano (SKILL_TERMS)

      at DomainContaminationDetector.printReport 
(forest-server/tools/domain-contamination-detector.js:281:19)

    console.log
         Code: `Example: [{"path_name": "piano", "priority": "high"}]`

      at DomainContaminationDetector.printReport 
(forest-server/tools/domain-contamination-detector.js:282:19)

    console.log
         Line 197: piano (SKILL_TERMS)

      at DomainContaminationDetector.printReport 
(forest-server/tools/domain-contamination-detector.js:281:19)

    console.log
         Code: `  "goal": "Learn to play jazz piano",\n` +

      at DomainContaminationDetector.printReport 
(forest-server/tools/domain-contamination-detector.js:282:19)

    console.log
         Line 197: Learn to (GOAL_TERMS)

      at DomainContaminationDetector.printReport 
(forest-server/tools/domain-contamination-detector.js:281:19)

    console.log
         Code: `  "goal": "Learn to play jazz piano",\n` +

      at DomainContaminationDetector.printReport 
(forest-server/tools/domain-contamination-detector.js:282:19)

    console.log
         Line 590: startup (INDUSTRY_TERMS)

      at DomainContaminationDetector.printReport 
(forest-server/tools/domain-contamination-detector.js:281:19)

    console.log
         Code: message: 'Unable to determine startup state. Please try creating a new project.',

      at DomainContaminationDetector.printReport 
(forest-server/tools/domain-contamination-detector.js:282:19)

    console.log
         Line 590: state (LOCATION_TERMS)

      at DomainContaminationDetector.printReport 
(forest-server/tools/domain-contamination-detector.js:281:19)

    console.log
         Code: message: 'Unable to determine startup state. Please try creating a new project.',

      at DomainContaminationDetector.printReport 
(forest-server/tools/domain-contamination-detector.js:282:19)

    console.log


      at DomainContaminationDetector.printReport 
(forest-server/tools/domain-contamination-detector.js:284:17)

    console.log
      ≡ƒôü forest-server\reasoning-engine.js

      at DomainContaminationDetector.printReport 
(forest-server/tools/domain-contamination-detector.js:278:17)

    console.log
         Line 730: state (LOCATION_TERMS)

      at DomainContaminationDetector.printReport 
(forest-server/tools/domain-contamination-detector.js:281:19)

    console.log
         Code: insight: `Excellent momentum with ${momentum} tasks completed recently and 
${breakthroughCount} breakthroughs. You're in a high-performance learning state.`,

      at DomainContaminationDetector.printReport 
(forest-server/tools/domain-contamination-detector.js:282:19)

    console.log


      at DomainContaminationDetector.printReport 
(forest-server/tools/domain-contamination-detector.js:284:17)

    console.log
      ≡ƒôü forest-server\safe-startup.js

      at DomainContaminationDetector.printReport 
(forest-server/tools/domain-contamination-detector.js:278:17)

    console.log
         Line 40: Startup (INDUSTRY_TERMS)

      at DomainContaminationDetector.printReport 
(forest-server/tools/domain-contamination-detector.js:281:19)

    console.log
         Code: console.error('[SAFE-STDIO] Startup failed:', error);

      at DomainContaminationDetector.printReport 
(forest-server/tools/domain-contamination-detector.js:282:19)

    console.log


      at DomainContaminationDetector.printReport 
(forest-server/tools/domain-contamination-detector.js:284:17)

    console.log
      ≡ƒôü forest-server\schedule-generator.js

      at DomainContaminationDetector.printReport 
(forest-server/tools/domain-contamination-detector.js:278:17)

    console.log
         Line 304: Portfolio (CAREER_TERMS)

      at DomainContaminationDetector.printReport 
(forest-server/tools/domain-contamination-detector.js:281:19)

    console.log
         Code: title: 'Explore: Portfolio Development',

      at DomainContaminationDetector.printReport 
(forest-server/tools/domain-contamination-detector.js:282:19)

    console.log
         Line 305: portfolio (CAREER_TERMS)

      at DomainContaminationDetector.printReport 
(forest-server/tools/domain-contamination-detector.js:281:19)

    console.log
         Code: description: 'Create or improve portfolio pieces',

      at DomainContaminationDetector.printReport 
(forest-server/tools/domain-contamination-detector.js:282:19)

    console.log


      at DomainContaminationDetector.printReport 
(forest-server/tools/domain-contamination-detector.js:284:17)

    console.log
      ≡ƒôü forest-server\server-modular.js

      at DomainContaminationDetector.printReport 
(forest-server/tools/domain-contamination-detector.js:278:17)

    console.log
         Line 479: startup (INDUSTRY_TERMS)

      at DomainContaminationDetector.printReport 
(forest-server/tools/domain-contamination-detector.js:281:19)

    console.log
         Code: this.logger.info('Running startup health check (tests)...');

      at DomainContaminationDetector.printReport 
(forest-server/tools/domain-contamination-detector.js:282:19)

    console.log
         Line 503: Startup (INDUSTRY_TERMS)

      at DomainContaminationDetector.printReport 
(forest-server/tools/domain-contamination-detector.js:281:19)

    console.log
         Code: this.logger.info('Startup health check complete');

      at DomainContaminationDetector.printReport 
(forest-server/tools/domain-contamination-detector.js:282:19)

    console.log
         Line 730: startup (INDUSTRY_TERMS)

      at DomainContaminationDetector.printReport 
(forest-server/tools/domain-contamination-detector.js:281:19)

    console.log
         Code: this.logger.warn('Continuing server startup despite validation issues');

      at DomainContaminationDetector.printReport 
(forest-server/tools/domain-contamination-detector.js:282:19)

    console.log
         Line 1856: writing (SKILL_TERMS)

      at DomainContaminationDetector.printReport 
(forest-server/tools/domain-contamination-detector.js:281:19)

    console.log
         Code: enum: ['visual', 'auditory', 'kinesthetic', 'reading/writing'],

      at DomainContaminationDetector.printReport 
(forest-server/tools/domain-contamination-detector.js:282:19)

    console.log
         Line 2815: startup (INDUSTRY_TERMS)

      at DomainContaminationDetector.printReport 
(forest-server/tools/domain-contamination-detector.js:281:19)

    console.log
         Code: this.logger.error('Proactive reasoning startup failed', { error: reasoningErr.message 
});

      at DomainContaminationDetector.printReport 
(forest-server/tools/domain-contamination-detector.js:282:19)

    console.log
         Line 2879: javascript (SKILL_TERMS)

      at DomainContaminationDetector.printReport 
(forest-server/tools/domain-contamination-detector.js:281:19)

    console.log
         Code: if (q.includes('typescript') && q.includes('javascript')) {

      at DomainContaminationDetector.printReport 
(forest-server/tools/domain-contamination-detector.js:282:19)

    console.log
         Line 2880: JavaScript (SKILL_TERMS)

      at DomainContaminationDetector.printReport 
(forest-server/tools/domain-contamination-detector.js:281:19)

    console.log
         Code: return 'TypeScript adds static typing and maintainability benefits over JavaScript at 
the cost of a build step.';

      at DomainContaminationDetector.printReport 
(forest-server/tools/domain-contamination-detector.js:282:19)

    console.log
         Line 3028: state (LOCATION_TERMS)

      at DomainContaminationDetector.printReport 
(forest-server/tools/domain-contamination-detector.js:281:19)

    console.log
         Code: content: [{ type: 'text', text: 'Γ£à Forest state synced to memory (simplified)' }],

      at DomainContaminationDetector.printReport 
(forest-server/tools/domain-contamination-detector.js:282:19)

    console.log
         Line 3722: startup (INDUSTRY_TERMS)

      at DomainContaminationDetector.printReport 
(forest-server/tools/domain-contamination-detector.js:281:19)

    console.log
         Code: topLevelLogger?.info?.('ΓÅ¡∩╕Å  Forest server startup skipped: running in test 
environment');

      at DomainContaminationDetector.printReport 
(forest-server/tools/domain-contamination-detector.js:282:19)

    console.log
         Line 3804: startup (INDUSTRY_TERMS)

      at DomainContaminationDetector.printReport 
(forest-server/tools/domain-contamination-detector.js:281:19)

    console.log
         Code: debugLog('Performing pre-startup validation...');

      at DomainContaminationDetector.printReport 
(forest-server/tools/domain-contamination-detector.js:282:19)

    console.log
         Line 3843: startup (INDUSTRY_TERMS)

      at DomainContaminationDetector.printReport 
(forest-server/tools/domain-contamination-detector.js:281:19)

    console.log
         Code: topLevelLogger.info('Pre-startup validation completed', {

      at DomainContaminationDetector.printReport 
(forest-server/tools/domain-contamination-detector.js:282:19)

    console.log
         Line 3850: startup (INDUSTRY_TERMS)

      at DomainContaminationDetector.printReport 
(forest-server/tools/domain-contamination-detector.js:281:19)

    console.log
         Code: topLevelLogger.info('Pre-startup validation completed', {

      at DomainContaminationDetector.printReport 
(forest-server/tools/domain-contamination-detector.js:282:19)

    console.log
         Line 3860: startup (INDUSTRY_TERMS)

      at DomainContaminationDetector.printReport 
(forest-server/tools/domain-contamination-detector.js:281:19)

    console.log
         Code: topLevelLogger.error('Pre-startup validation failed', {

      at DomainContaminationDetector.printReport 
(forest-server/tools/domain-contamination-detector.js:282:19)

    console.log
         Line 3895: startup (INDUSTRY_TERMS)

      at DomainContaminationDetector.printReport 
(forest-server/tools/domain-contamination-detector.js:281:19)

    console.log
         Code: debugLog('Server startup complete!', {

      at DomainContaminationDetector.printReport 
(forest-server/tools/domain-contamination-detector.js:282:19)

    console.log
         Line 3906: resume (CAREER_TERMS)

      at DomainContaminationDetector.printReport 
(forest-server/tools/domain-contamination-detector.js:281:19)

    console.log
         Code: process.stdin.resume();

      at DomainContaminationDetector.printReport 
(forest-server/tools/domain-contamination-detector.js:282:19)

    console.log
         Line 3924: startup (INDUSTRY_TERMS)

      at DomainContaminationDetector.printReport 
(forest-server/tools/domain-contamination-detector.js:281:19)

    console.log
         Code: debugLog(`Γ¥î Fatal error during MCP server startup after ${elapsed}ms`, {

      at DomainContaminationDetector.printReport 
(forest-server/tools/domain-contamination-detector.js:282:19)

    console.log
         Line 3931: startup (INDUSTRY_TERMS)

      at DomainContaminationDetector.printReport 
(forest-server/tools/domain-contamination-detector.js:281:19)

    console.log
         Code: logger.error(`Fatal error during MCP server startup: ${err.message}`, {

      at DomainContaminationDetector.printReport 
(forest-server/tools/domain-contamination-detector.js:282:19)

    console.log


      at DomainContaminationDetector.printReport 
(forest-server/tools/domain-contamination-detector.js:284:17)

    console.log
      ≡ƒôü forest-server\start_timer_client.js

      at DomainContaminationDetector.printReport 
(forest-server/tools/domain-contamination-detector.js:278:17)

    console.log
         Line 32: state (LOCATION_TERMS)

      at DomainContaminationDetector.printReport 
(forest-server/tools/domain-contamination-detector.js:281:19)

    console.log
         Code: if (client.state !== 'closed') {

      at DomainContaminationDetector.printReport 
(forest-server/tools/domain-contamination-detector.js:282:19)

    console.log


      at DomainContaminationDetector.printReport 
(forest-server/tools/domain-contamination-detector.js:284:17)

    console.log
      ≡ƒôü forest-server\system-clock.js

      at DomainContaminationDetector.printReport 
(forest-server/tools/domain-contamination-detector.js:278:17)

    console.log
         Line 498: state (LOCATION_TERMS)

      at DomainContaminationDetector.printReport 
(forest-server/tools/domain-contamination-detector.js:281:19)

    console.log
         Code: logger.error(`ΓÜá∩╕Å Error gathering system state: ${error.message}`, { error });

      at DomainContaminationDetector.printReport 
(forest-server/tools/domain-contamination-detector.js:282:19)

    console.log


      at DomainContaminationDetector.printReport 
(forest-server/tools/domain-contamination-detector.js:284:17)

    console.log
      ≡ƒôü forest-server\task-intelligence.js

      at DomainContaminationDetector.printReport 
(forest-server/tools/domain-contamination-detector.js:278:17)

    console.log
         Line 408: budget (PERSONAL_TERMS)

      at DomainContaminationDetector.printReport 
(forest-server/tools/domain-contamination-detector.js:281:19)

    console.log
         Code: 'zero budget',

      at DomainContaminationDetector.printReport 
(forest-server/tools/domain-contamination-detector.js:282:19)

    console.log
         Line 409: budget (PERSONAL_TERMS)

      at DomainContaminationDetector.printReport 
(forest-server/tools/domain-contamination-detector.js:281:19)

    console.log
         Code: 'no budget',

      at DomainContaminationDetector.printReport 
(forest-server/tools/domain-contamination-detector.js:282:19)

    console.log
         Line 736: achieve (GOAL_TERMS)

      at DomainContaminationDetector.printReport 
(forest-server/tools/domain-contamination-detector.js:281:19)

    console.log
         Code: description: 'Brainstorm innovative ways to achieve goals with zero budget 
constraints',

      at DomainContaminationDetector.printReport 
(forest-server/tools/domain-contamination-detector.js:282:19)

    console.log
         Line 736: budget (PERSONAL_TERMS)

      at DomainContaminationDetector.printReport 
(forest-server/tools/domain-contamination-detector.js:281:19)

    console.log
         Code: description: 'Brainstorm innovative ways to achieve goals with zero budget 
constraints',

      at DomainContaminationDetector.printReport 
(forest-server/tools/domain-contamination-detector.js:282:19)

    console.log
         Line 782: Professional (CAREER_TERMS)

      at DomainContaminationDetector.printReport 
(forest-server/tools/domain-contamination-detector.js:281:19)

    console.log
         Code: learningOutcome: 'Professional connections and advanced mentorship',

      at DomainContaminationDetector.printReport 
(forest-server/tools/domain-contamination-detector.js:282:19)

    console.log


      at DomainContaminationDetector.printReport 
(forest-server/tools/domain-contamination-detector.js:284:17)

    console.log
      ≡ƒôü forest-server\task-logic\__tests__\task-formatter.test.js

      at DomainContaminationDetector.printReport 
(forest-server/tools/domain-contamination-detector.js:278:17)

    console.log
         Line 9: JavaScript (SKILL_TERMS)

      at DomainContaminationDetector.printReport 
(forest-server/tools/domain-contamination-detector.js:281:19)

    console.log
         Code: title: 'Learn JavaScript Basics',

      at DomainContaminationDetector.printReport 
(forest-server/tools/domain-contamination-detector.js:282:19)

    console.log
         Line 20: JavaScript (SKILL_TERMS)

      at DomainContaminationDetector.printReport 
(forest-server/tools/domain-contamination-detector.js:281:19)

    console.log
         Code: expect(formatted).toContain('Learn JavaScript Basics');

      at DomainContaminationDetector.printReport 
(forest-server/tools/domain-contamination-detector.js:282:19)

    console.log
         Line 125: Node.js (SKILL_TERMS)

      at DomainContaminationDetector.printReport 
(forest-server/tools/domain-contamination-detector.js:281:19)

    console.log
         Code: title: 'Node.js Setup',

      at DomainContaminationDetector.printReport 
(forest-server/tools/domain-contamination-detector.js:282:19)

    console.log
         Line 143: Node.js (SKILL_TERMS)

      at DomainContaminationDetector.printReport 
(forest-server/tools/domain-contamination-detector.js:281:19)

    console.log
         Code: expect(formatted).toContain('Node.js Setup');

      at DomainContaminationDetector.printReport 
(forest-server/tools/domain-contamination-detector.js:282:19)

    console.log
         Line 249: React (SKILL_TERMS)

      at DomainContaminationDetector.printReport 
(forest-server/tools/domain-contamination-detector.js:281:19)

    console.log
         Code: title: 'Learn React Components',

      at DomainContaminationDetector.printReport 
(forest-server/tools/domain-contamination-detector.js:282:19)

    console.log
         Line 252: React (SKILL_TERMS)

      at DomainContaminationDetector.printReport 
(forest-server/tools/domain-contamination-detector.js:281:19)

    console.log
         Code: description: 'Learn how to create and use React functional components with props and 
state'

      at DomainContaminationDetector.printReport 
(forest-server/tools/domain-contamination-detector.js:282:19)

    console.log
         Line 252: state (LOCATION_TERMS)

      at DomainContaminationDetector.printReport 
(forest-server/tools/domain-contamination-detector.js:281:19)

    console.log
         Code: description: 'Learn how to create and use React functional components with props and 
state'

      at DomainContaminationDetector.printReport 
(forest-server/tools/domain-contamination-detector.js:282:19)

    console.log
         Line 257: React (SKILL_TERMS)

      at DomainContaminationDetector.printReport 
(forest-server/tools/domain-contamination-detector.js:281:19)

    console.log
         Code: expect(summary).toContain('Learn React Components');

      at DomainContaminationDetector.printReport 
(forest-server/tools/domain-contamination-detector.js:282:19)

    console.log


      at DomainContaminationDetector.printReport 
(forest-server/tools/domain-contamination-detector.js:284:17)

    console.log
      ≡ƒôü forest-server\task-logic\__tests__\task-scorer.test.js

      at DomainContaminationDetector.printReport 
(forest-server/tools/domain-contamination-detector.js:278:17)

    console.log
         Line 27: State (LOCATION_TERMS)

      at DomainContaminationDetector.printReport 
(forest-server/tools/domain-contamination-detector.js:281:19)

    console.log
         Code: title: 'Advanced State Management',

      at DomainContaminationDetector.printReport 
(forest-server/tools/domain-contamination-detector.js:282:19)

    console.log


      at DomainContaminationDetector.printReport 
(forest-server/tools/domain-contamination-detector.js:284:17)

    console.log
      ≡ƒôü forest-server\task-logic\__tests__\task-selector.test.js

      at DomainContaminationDetector.printReport 
(forest-server/tools/domain-contamination-detector.js:278:17)

    console.log
         Line 33: Master (GOAL_TERMS)

      at DomainContaminationDetector.printReport 
(forest-server/tools/domain-contamination-detector.js:281:19)

    console.log
         Code: description: 'Master CSS flexbox layout',

      at DomainContaminationDetector.printReport 
(forest-server/tools/domain-contamination-detector.js:282:19)

    console.log


      at DomainContaminationDetector.printReport 
(forest-server/tools/domain-contamination-detector.js:284:17)

    console.log
      ≡ƒôü forest-server\test-real-stress.js

      at DomainContaminationDetector.printReport 
(forest-server/tools/domain-contamination-detector.js:278:17)

    console.log
         Line 223: SQL (SKILL_TERMS)

      at DomainContaminationDetector.printReport 
(forest-server/tools/domain-contamination-detector.js:281:19)

    console.log
         Code: { name: 'SQL Injection', project_id: "'; DROP TABLE projects; --", goal: 'hack' },

      at DomainContaminationDetector.printReport 
(forest-server/tools/domain-contamination-detector.js:282:19)

    console.log


      at DomainContaminationDetector.printReport 
(forest-server/tools/domain-contamination-detector.js:284:17)

    console.log
      ≡ƒôü forest-server\tests\domain-agnostic.test.js

      at DomainContaminationDetector.printReport 
(forest-server/tools/domain-contamination-detector.js:278:17)

    console.log
         Line 12: saxophone (SKILL_TERMS)

      at DomainContaminationDetector.printReport 
(forest-server/tools/domain-contamination-detector.js:281:19)

    console.log
         Code: "Learn to play jazz saxophone professionally",

      at DomainContaminationDetector.printReport 
(forest-server/tools/domain-contamination-detector.js:282:19)

    console.log
         Line 12: Learn to (GOAL_TERMS)

      at DomainContaminationDetector.printReport 
(forest-server/tools/domain-contamination-detector.js:281:19)

    console.log
         Code: "Learn to play jazz saxophone professionally",

      at DomainContaminationDetector.printReport 
(forest-server/tools/domain-contamination-detector.js:282:19)

    console.log
         Line 13: painting (SKILL_TERMS)

      at DomainContaminationDetector.printReport 
(forest-server/tools/domain-contamination-detector.js:281:19)

    console.log
         Code: "Master oil painting techniques and sell artwork",

      at DomainContaminationDetector.printReport 
(forest-server/tools/domain-contamination-detector.js:282:19)

    console.log
         Line 13: Master (GOAL_TERMS)

      at DomainContaminationDetector.printReport 
(forest-server/tools/domain-contamination-detector.js:281:19)

    console.log
         Code: "Master oil painting techniques and sell artwork",

      at DomainContaminationDetector.printReport 
(forest-server/tools/domain-contamination-detector.js:282:19)

    console.log
         Line 23: consulting (INDUSTRY_TERMS)

      at DomainContaminationDetector.printReport 
(forest-server/tools/domain-contamination-detector.js:281:19)

    console.log
         Code: "Launch a consulting practice in renewable energy",

      at DomainContaminationDetector.printReport 
(forest-server/tools/domain-contamination-detector.js:282:19)

    console.log
         Line 28: Become (GOAL_TERMS)

      at DomainContaminationDetector.printReport 
(forest-server/tools/domain-contamination-detector.js:281:19)

    console.log
         Code: "Become a certified yoga instructor",

      at DomainContaminationDetector.printReport 
(forest-server/tools/domain-contamination-detector.js:282:19)

    console.log
         Line 104: saxophone (SKILL_TERMS)

      at DomainContaminationDetector.printReport 
(forest-server/tools/domain-contamination-detector.js:281:19)

    console.log
         Code: { title: "Research saxophone techniques", domain: "music" },

      at DomainContaminationDetector.printReport 
(forest-server/tools/domain-contamination-detector.js:282:19)

    console.log
         Line 153: AI PM (CAREER_TERMS)

      at DomainContaminationDetector.printReport 
(forest-server/tools/domain-contamination-detector.js:281:19)

    console.log
         Code: expect(prompt).not.toMatch(/\b(JavaScript|piano|AI PM|security guard)\b/); // Should 
not contain hardcoded domains

      at DomainContaminationDetector.printReport 
(forest-server/tools/domain-contamination-detector.js:282:19)

    console.log
         Line 153: JavaScript (SKILL_TERMS)

      at DomainContaminationDetector.printReport 
(forest-server/tools/domain-contamination-detector.js:281:19)

    console.log
         Code: expect(prompt).not.toMatch(/\b(JavaScript|piano|AI PM|security guard)\b/); // Should 
not contain hardcoded domains

      at DomainContaminationDetector.printReport 
(forest-server/tools/domain-contamination-detector.js:282:19)

    console.log
         Line 153: piano (SKILL_TERMS)

      at DomainContaminationDetector.printReport 
(forest-server/tools/domain-contamination-detector.js:281:19)

    console.log
         Code: expect(prompt).not.toMatch(/\b(JavaScript|piano|AI PM|security guard)\b/); // Should 
not contain hardcoded domains

      at DomainContaminationDetector.printReport 
(forest-server/tools/domain-contamination-detector.js:282:19)

    console.log
         Line 201: saxophone (SKILL_TERMS)

      at DomainContaminationDetector.printReport 
(forest-server/tools/domain-contamination-detector.js:281:19)

    console.log
         Code: const musicTasks = generateTasksWithConfig("learn saxophone", musicConfig);

      at DomainContaminationDetector.printReport 
(forest-server/tools/domain-contamination-detector.js:282:19)

    console.log
         Line 213: Product Manager (CAREER_TERMS)

      at DomainContaminationDetector.printReport 
(forest-server/tools/domain-contamination-detector.js:281:19)

    console.log
         Code: const careerGoal = "Become an AI Product Manager";

      at DomainContaminationDetector.printReport 
(forest-server/tools/domain-contamination-detector.js:282:19)

    console.log
         Line 213: Become (GOAL_TERMS)

      at DomainContaminationDetector.printReport 
(forest-server/tools/domain-contamination-detector.js:281:19)

    console.log
         Code: const careerGoal = "Become an AI Product Manager";

      at DomainContaminationDetector.printReport 
(forest-server/tools/domain-contamination-detector.js:282:19)

    console.log
         Line 214: JavaScript (SKILL_TERMS)

      at DomainContaminationDetector.printReport 
(forest-server/tools/domain-contamination-detector.js:281:19)

    console.log
         Code: const skills = ["JavaScript", "React", "Node.js"];

      at DomainContaminationDetector.printReport 
(forest-server/tools/domain-contamination-detector.js:282:19)

    console.log
         Line 215: security guard (CAREER_TERMS)

      at DomainContaminationDetector.printReport 
(forest-server/tools/domain-contamination-detector.js:281:19)

    console.log
         Code: const personalInfo = "I have ADHD and work as a security guard";

      at DomainContaminationDetector.printReport 
(forest-server/tools/domain-contamination-detector.js:282:19)

    console.log
         Line 215: ADHD (PERSONAL_TERMS)

      at DomainContaminationDetector.printReport 
(forest-server/tools/domain-contamination-detector.js:281:19)

    console.log
         Code: const personalInfo = "I have ADHD and work as a security guard";

      at DomainContaminationDetector.printReport 
(forest-server/tools/domain-contamination-detector.js:282:19)

    console.log


      at DomainContaminationDetector.printReport 
(forest-server/tools/domain-contamination-detector.js:284:17)

    console.log
      ≡ƒôü forest-server\tool-router.js

      at DomainContaminationDetector.printReport 
(forest-server/tools/domain-contamination-detector.js:278:17)

    console.log
         Line 28: become (GOAL_TERMS)

      at DomainContaminationDetector.printReport 
(forest-server/tools/domain-contamination-detector.js:281:19)

    console.log
         Code: logger.error('CRITICAL: Tool registry has become unavailable');

      at DomainContaminationDetector.printReport 
(forest-server/tools/domain-contamination-detector.js:282:19)

    console.log
         Line 95: writing (SKILL_TERMS)

      at DomainContaminationDetector.printReport 
(forest-server/tools/domain-contamination-detector.js:281:19)

    console.log
         Code: console.error(`[STACK-TRACE] Error writing log: ${err.message}`);

      at DomainContaminationDetector.printReport 
(forest-server/tools/domain-contamination-detector.js:282:19)

    console.log


      at DomainContaminationDetector.printReport 
(forest-server/tools/domain-contamination-detector.js:284:17)

    console.log
      ≡ƒôü forest-server\tools\domain-contamination-detector.js

      at DomainContaminationDetector.printReport 
(forest-server/tools/domain-contamination-detector.js:278:17)

    console.log
         Line 18: security guard (CAREER_TERMS)

      at DomainContaminationDetector.printReport 
(forest-server/tools/domain-contamination-detector.js:281:19)

    console.log
         Code: /\b(security guard|product manager|AI PM|UX 
designer|developer|engineer|analyst|consultant)\b/i,

      at DomainContaminationDetector.printReport 
(forest-server/tools/domain-contamination-detector.js:282:19)

    console.log
         Line 19: resume (CAREER_TERMS)

      at DomainContaminationDetector.printReport 
(forest-server/tools/domain-contamination-detector.js:281:19)

    console.log
         Code: /\b(resume|CV|LinkedIn|job application|interview|salary|career transition)\b/i,

      at DomainContaminationDetector.printReport 
(forest-server/tools/domain-contamination-detector.js:282:19)

    console.log
         Line 20: portfolio (CAREER_TERMS)

      at DomainContaminationDetector.printReport 
(forest-server/tools/domain-contamination-detector.js:281:19)

    console.log
         Code: /\b(portfolio|work experience|professional|employment)\b/i

      at DomainContaminationDetector.printReport 
(forest-server/tools/domain-contamination-detector.js:282:19)

    console.log
         Line 25: healthcare (INDUSTRY_TERMS)

      at DomainContaminationDetector.printReport 
(forest-server/tools/domain-contamination-detector.js:281:19)

    console.log
         Code: /\b(healthcare|finance|tech|startup|enterprise|consulting|retail|manufacturing)\b/i,

      at DomainContaminationDetector.printReport 
(forest-server/tools/domain-contamination-detector.js:282:19)

    console.log
         Line 26: software (INDUSTRY_TERMS)

      at DomainContaminationDetector.printReport 
(forest-server/tools/domain-contamination-detector.js:281:19)

    console.log
         Code: /\b(software|hardware|medical|legal|education|government)\b/i

      at DomainContaminationDetector.printReport 
(forest-server/tools/domain-contamination-detector.js:282:19)

    console.log
         Line 31: JavaScript (SKILL_TERMS)

      at DomainContaminationDetector.printReport 
(forest-server/tools/domain-contamination-detector.js:281:19)

    console.log
         Code: /\b(JavaScript|Python|React|Node\.js|SQL|AWS|Docker|Kubernetes)\b/i,

      at DomainContaminationDetector.printReport 
(forest-server/tools/domain-contamination-detector.js:282:19)

    console.log
         Line 32: piano (SKILL_TERMS)

      at DomainContaminationDetector.printReport 
(forest-server/tools/domain-contamination-detector.js:281:19)

    console.log
         Code: /\b(piano|guitar|saxophone|violin|drums|singing)\b/i,

      at DomainContaminationDetector.printReport 
(forest-server/tools/domain-contamination-detector.js:282:19)

    console.log
         Line 33: cooking (SKILL_TERMS)

      at DomainContaminationDetector.printReport 
(forest-server/tools/domain-contamination-detector.js:281:19)

    console.log
         Code: /\b(cooking|baking|photography|writing|painting|drawing)\b/i

      at DomainContaminationDetector.printReport 
(forest-server/tools/domain-contamination-detector.js:282:19)

    console.log
         Line 38: learn to (GOAL_TERMS)

      at DomainContaminationDetector.printReport 
(forest-server/tools/domain-contamination-detector.js:281:19)

    console.log
         Code: /\b(learn to|master|become|achieve|get hired|land a job|pass exam)\b/i,

      at DomainContaminationDetector.printReport 
(forest-server/tools/domain-contamination-detector.js:282:19)

    console.log
         Line 39: certification (GOAL_TERMS)

      at DomainContaminationDetector.printReport 
(forest-server/tools/domain-contamination-detector.js:281:19)

    console.log
         Code: /\b(certification|degree|diploma|license|qualification)\b/i

      at DomainContaminationDetector.printReport 
(forest-server/tools/domain-contamination-detector.js:282:19)

    console.log
         Line 44: San Francisco (LOCATION_TERMS)

      at DomainContaminationDetector.printReport 
(forest-server/tools/domain-contamination-detector.js:281:19)

    console.log
         Code: /\b(San Francisco|New York|London|Tokyo|remote work|relocate)\b/i,

      at DomainContaminationDetector.printReport 
(forest-server/tools/domain-contamination-detector.js:282:19)

    console.log
         Line 45: Bay Area (LOCATION_TERMS)

      at DomainContaminationDetector.printReport 
(forest-server/tools/domain-contamination-detector.js:281:19)

    console.log
         Code: /\b(Bay Area|Silicon Valley|downtown|suburb|city|state)\b/i

      at DomainContaminationDetector.printReport 
(forest-server/tools/domain-contamination-detector.js:282:19)

    console.log
         Line 50: ADHD (PERSONAL_TERMS)

      at DomainContaminationDetector.printReport 
(forest-server/tools/domain-contamination-detector.js:281:19)

    console.log
         Code: /\b(ADHD|anxiety|depression|family|spouse|children|pets)\b/i,

      at DomainContaminationDetector.printReport 
(forest-server/tools/domain-contamination-detector.js:282:19)

    console.log
         Line 51: budget (PERSONAL_TERMS)

      at DomainContaminationDetector.printReport 
(forest-server/tools/domain-contamination-detector.js:281:19)

    console.log
         Code: /\b(budget|income|expenses|debt|savings|mortgage)\b/i

      at DomainContaminationDetector.printReport 
(forest-server/tools/domain-contamination-detector.js:282:19)

    console.log


      at DomainContaminationDetector.printReport 
(forest-server/tools/domain-contamination-detector.js:284:17)

    console.log
      ≡ƒôü forest-server\tools\eslint-domain-agnostic-rule.js

      at DomainContaminationDetector.printReport 
(forest-server/tools/domain-contamination-detector.js:278:17)

    console.log
         Line 8: security guard (CAREER_TERMS)

      at DomainContaminationDetector.printReport 
(forest-server/tools/domain-contamination-detector.js:281:19)

    console.log
         Code: /\b(security guard|product manager|AI PM|UX designer|developer|engineer)\b/i,

      at DomainContaminationDetector.printReport 
(forest-server/tools/domain-contamination-detector.js:282:19)

    console.log
         Line 9: resume (CAREER_TERMS)

      at DomainContaminationDetector.printReport 
(forest-server/tools/domain-contamination-detector.js:281:19)

    console.log
         Code: /\b(resume|CV|LinkedIn|job application|interview|salary)\b/i,

      at DomainContaminationDetector.printReport 
(forest-server/tools/domain-contamination-detector.js:282:19)

    console.log
         Line 12: JavaScript (SKILL_TERMS)

      at DomainContaminationDetector.printReport 
(forest-server/tools/domain-contamination-detector.js:281:19)

    console.log
         Code: /\b(JavaScript|Python|React|Node\.js|SQL|AWS|Docker)\b/i,

      at DomainContaminationDetector.printReport 
(forest-server/tools/domain-contamination-detector.js:282:19)

    console.log
         Line 13: piano (SKILL_TERMS)

      at DomainContaminationDetector.printReport 
(forest-server/tools/domain-contamination-detector.js:281:19)

    console.log
         Code: /\b(piano|guitar|saxophone|violin|drums)\b/i,

      at DomainContaminationDetector.printReport 
(forest-server/tools/domain-contamination-detector.js:282:19)

    console.log
         Line 16: healthcare (INDUSTRY_TERMS)

      at DomainContaminationDetector.printReport 
(forest-server/tools/domain-contamination-detector.js:281:19)

    console.log
         Code: /\b(healthcare|finance|tech|startup|enterprise)\b/i,

      at DomainContaminationDetector.printReport 
(forest-server/tools/domain-contamination-detector.js:282:19)

    console.log
         Line 19: ADHD (PERSONAL_TERMS)

      at DomainContaminationDetector.printReport 
(forest-server/tools/domain-contamination-detector.js:281:19)

    console.log
         Code: /\b(ADHD|anxiety|family|spouse|budget|income)\b/i

      at DomainContaminationDetector.printReport 
(forest-server/tools/domain-contamination-detector.js:282:19)

    console.log
         Line 19: budget (PERSONAL_TERMS)

      at DomainContaminationDetector.printReport 
(forest-server/tools/domain-contamination-detector.js:281:19)

    console.log
         Code: /\b(ADHD|anxiety|family|spouse|budget|income)\b/i

      at DomainContaminationDetector.printReport 
(forest-server/tools/domain-contamination-detector.js:282:19)

    console.log


      at DomainContaminationDetector.printReport 
(forest-server/tools/domain-contamination-detector.js:284:17)

    console.log
      ≡ƒôü forest-server\tools\finance-tools.js

      at DomainContaminationDetector.printReport 
(forest-server/tools/domain-contamination-detector.js:278:17)

    console.log
         Line 7: finance (INDUSTRY_TERMS)

      at DomainContaminationDetector.printReport 
(forest-server/tools/domain-contamination-detector.js:281:19)

    console.log
         Code: import { FinanceBridge } from '../modules/finance-bridge.js';

      at DomainContaminationDetector.printReport 
(forest-server/tools/domain-contamination-detector.js:282:19)

    console.log
         Line 38: finance (INDUSTRY_TERMS)

      at DomainContaminationDetector.printReport 
(forest-server/tools/domain-contamination-detector.js:281:19)

    console.log
         Code: text: `Γ¥î Failed to analyze ${ticker}: ${error.message}\n\n≡ƒÆí Make sure the ticker 
symbol is valid and the finance server is running.`

      at DomainContaminationDetector.printReport 
(forest-server/tools/domain-contamination-detector.js:282:19)

    console.log
         Line 80: income (PERSONAL_TERMS)

      at DomainContaminationDetector.printReport 
(forest-server/tools/domain-contamination-detector.js:281:19)

    console.log
         Code: const { ticker, statement_type = 'income', period = 'annual' } = args;

      at DomainContaminationDetector.printReport 
(forest-server/tools/domain-contamination-detector.js:282:19)

    console.log


      at DomainContaminationDetector.printReport 
(forest-server/tools/domain-contamination-detector.js:284:17)

    console.log
      ≡ƒôü forest-server\tools\pre-commit-domain-check.js

      at DomainContaminationDetector.printReport 
(forest-server/tools/domain-contamination-detector.js:278:17)

    console.log
         Line 21: JavaScript (SKILL_TERMS)

      at DomainContaminationDetector.printReport 
(forest-server/tools/domain-contamination-detector.js:281:19)

    console.log
         Code: console.log('Γ£à No JavaScript files staged for commit.');

      at DomainContaminationDetector.printReport 
(forest-server/tools/domain-contamination-detector.js:282:19)

    console.log
         Line 25: JavaScript (SKILL_TERMS)

      at DomainContaminationDetector.printReport 
(forest-server/tools/domain-contamination-detector.js:281:19)

    console.log
         Code: console.log(`Checking ${stagedFiles.length} staged JavaScript files...\n`);

      at DomainContaminationDetector.printReport 
(forest-server/tools/domain-contamination-detector.js:282:19)

    console.log


      at DomainContaminationDetector.printReport 
(forest-server/tools/domain-contamination-detector.js:284:17)

    console.log
      ≡ƒôü forest-server\utils\error-boundary.js

      at DomainContaminationDetector.printReport 
(forest-server/tools/domain-contamination-detector.js:278:17)

    console.log
         Line 211: state (LOCATION_TERMS)

      at DomainContaminationDetector.printReport 
(forest-server/tools/domain-contamination-detector.js:281:19)

    console.log
         Code: error: 'Failed to capture object state',

      at DomainContaminationDetector.printReport 
(forest-server/tools/domain-contamination-detector.js:282:19)

    console.log


      at DomainContaminationDetector.printReport 
(forest-server/tools/domain-contamination-detector.js:284:17)

    console.log
      ≡ƒôü forest-server\__tests__\core-loop-e2e.test.js

      at DomainContaminationDetector.printReport 
(forest-server/tools/domain-contamination-detector.js:278:17)

    console.log
         Line 89: Professional (CAREER_TERMS)

      at DomainContaminationDetector.printReport 
(forest-server/tools/domain-contamination-detector.js:281:19)

    console.log
         Code: context: 'Professional transition',

      at DomainContaminationDetector.printReport 
(forest-server/tools/domain-contamination-detector.js:282:19)

    console.log
         Line 113: JavaScript (SKILL_TERMS)

      at DomainContaminationDetector.printReport 
(forest-server/tools/domain-contamination-detector.js:281:19)

    console.log
         Code: goal: 'Learn JavaScript',

      at DomainContaminationDetector.printReport 
(forest-server/tools/domain-contamination-detector.js:282:19)

    console.log
         Line 152: React (SKILL_TERMS)

      at DomainContaminationDetector.printReport 
(forest-server/tools/domain-contamination-detector.js:281:19)

    console.log
         Code: goal: 'Learn React',

      at DomainContaminationDetector.printReport 
(forest-server/tools/domain-contamination-detector.js:282:19)

    console.log
         Line 216: Node.js (SKILL_TERMS)

      at DomainContaminationDetector.printReport 
(forest-server/tools/domain-contamination-detector.js:281:19)

    console.log
         Code: goal: 'Learn Node.js',

      at DomainContaminationDetector.printReport 
(forest-server/tools/domain-contamination-detector.js:282:19)

    console.log


      at DomainContaminationDetector.printReport 
(forest-server/tools/domain-contamination-detector.js:284:17)

    console.log
      ≡ƒôü forest-server\__tests__\data-persistence-safety.test.js

      at DomainContaminationDetector.printReport 
(forest-server/tools/domain-contamination-detector.js:278:17)

    console.log
         Line 40: state (LOCATION_TERMS)

      at DomainContaminationDetector.printReport 
(forest-server/tools/domain-contamination-detector.js:281:19)

    console.log
         Code: const filename = 'state.json';

      at DomainContaminationDetector.printReport 
(forest-server/tools/domain-contamination-detector.js:282:19)

    console.log


      at DomainContaminationDetector.printReport 
(forest-server/tools/domain-contamination-detector.js:284:17)

    console.log
      ≡ƒôü forest-server\__tests__\e2e-user-workflow.test.js

      at DomainContaminationDetector.printReport 
(forest-server/tools/domain-contamination-detector.js:278:17)

    console.log
         Line 19: startup (INDUSTRY_TERMS)

      at DomainContaminationDetector.printReport 
(forest-server/tools/domain-contamination-detector.js:281:19)

    console.log
         Code: it('provides helpful startup guidance when no projects exist', async () => {

      at DomainContaminationDetector.printReport 
(forest-server/tools/domain-contamination-detector.js:282:19)

    console.log


      at DomainContaminationDetector.printReport 
(forest-server/tools/domain-contamination-detector.js:284:17)

    console.log
      ≡ƒôü forest-server\__tests__\hta-hierarchy-utils.test.js

      at DomainContaminationDetector.printReport 
(forest-server/tools/domain-contamination-detector.js:278:17)

    console.log
         Line 14: children (PERSONAL_TERMS)

      at DomainContaminationDetector.printReport 
(forest-server/tools/domain-contamination-detector.js:281:19)

    console.log
         Code: it('buildParentMap should group children correctly', () => {

      at DomainContaminationDetector.printReport 
(forest-server/tools/domain-contamination-detector.js:282:19)

    console.log


      at DomainContaminationDetector.printReport 
(forest-server/tools/domain-contamination-detector.js:284:17)

    console.log
      ≡ƒôü forest-server\__tests__\hta-tree-builder.test.js

      at DomainContaminationDetector.printReport 
(forest-server/tools/domain-contamination-detector.js:278:17)

    console.log
         Line 38: JavaScript (SKILL_TERMS)

      at DomainContaminationDetector.printReport 
(forest-server/tools/domain-contamination-detector.js:281:19)

    console.log
         Code: goal: 'Learn JavaScript programming',

      at DomainContaminationDetector.printReport 
(forest-server/tools/domain-contamination-detector.js:282:19)

    console.log
         Line 49: JavaScript (SKILL_TERMS)

      at DomainContaminationDetector.printReport 
(forest-server/tools/domain-contamination-detector.js:281:19)

    console.log
         Code: expect(result.generation_prompt).toContain('Learn JavaScript programming');

      at DomainContaminationDetector.printReport 
(forest-server/tools/domain-contamination-detector.js:282:19)

    console.log
         Line 94: React (SKILL_TERMS)

      at DomainContaminationDetector.printReport 
(forest-server/tools/domain-contamination-detector.js:281:19)

    console.log
         Code: goal: 'Learn React development',

      at DomainContaminationDetector.printReport 
(forest-server/tools/domain-contamination-detector.js:282:19)

    console.log
         Line 95: JavaScript (SKILL_TERMS)

      at DomainContaminationDetector.printReport 
(forest-server/tools/domain-contamination-detector.js:281:19)

    console.log
         Code: context: 'Have basic JavaScript knowledge',

      at DomainContaminationDetector.printReport 
(forest-server/tools/domain-contamination-detector.js:282:19)

    console.log
         Line 105: React (SKILL_TERMS)

      at DomainContaminationDetector.printReport 
(forest-server/tools/domain-contamination-detector.js:281:19)

    console.log
         Code: expect(prompt).toContain('Learn React development');

      at DomainContaminationDetector.printReport 
(forest-server/tools/domain-contamination-detector.js:282:19)

    console.log
         Line 114: professional (CAREER_TERMS)

      at DomainContaminationDetector.printReport 
(forest-server/tools/domain-contamination-detector.js:281:19)

    console.log
         Code: it('should assign high complexity to professional goals', () => {

      at DomainContaminationDetector.printReport 
(forest-server/tools/domain-contamination-detector.js:282:19)

    console.log
         Line 116: engineer (CAREER_TERMS)

      at DomainContaminationDetector.printReport 
(forest-server/tools/domain-contamination-detector.js:281:19)

    console.log
         Code: 'Become a professional software engineer',

      at DomainContaminationDetector.printReport 
(forest-server/tools/domain-contamination-detector.js:282:19)

    console.log
         Line 116: professional (CAREER_TERMS)

      at DomainContaminationDetector.printReport 
(forest-server/tools/domain-contamination-detector.js:281:19)

    console.log
         Code: 'Become a professional software engineer',

      at DomainContaminationDetector.printReport 
(forest-server/tools/domain-contamination-detector.js:282:19)

    console.log
         Line 116: software (INDUSTRY_TERMS)

      at DomainContaminationDetector.printReport 
(forest-server/tools/domain-contamination-detector.js:281:19)

    console.log
         Code: 'Become a professional software engineer',

      at DomainContaminationDetector.printReport 
(forest-server/tools/domain-contamination-detector.js:282:19)

    console.log
         Line 116: Become (GOAL_TERMS)

      at DomainContaminationDetector.printReport 
(forest-server/tools/domain-contamination-detector.js:281:19)

    console.log
         Code: 'Become a professional software engineer',

      at DomainContaminationDetector.printReport 
(forest-server/tools/domain-contamination-detector.js:282:19)

    console.log
         Line 117: certification (GOAL_TERMS)

      at DomainContaminationDetector.printReport 
(forest-server/tools/domain-contamination-detector.js:281:19)

    console.log
         Code: 'Advanced certification required'

      at DomainContaminationDetector.printReport 
(forest-server/tools/domain-contamination-detector.js:282:19)

    console.log
         Line 127: photography (SKILL_TERMS)

      at DomainContaminationDetector.printReport 
(forest-server/tools/domain-contamination-detector.js:281:19)

    console.log
         Code: 'Learn basic photography for fun',

      at DomainContaminationDetector.printReport 
(forest-server/tools/domain-contamination-detector.js:282:19)

    console.log


      at DomainContaminationDetector.printReport 
(forest-server/tools/domain-contamination-detector.js:284:17)

    console.log
      ≡ƒôü forest-server\__tests__\integration-test-harness.js

      at DomainContaminationDetector.printReport 
(forest-server/tools/domain-contamination-detector.js:278:17)

    console.log
         Line 14: Achieve (GOAL_TERMS)

      at DomainContaminationDetector.printReport 
(forest-server/tools/domain-contamination-detector.js:281:19)

    console.log
         Code: goal: 'Achieve test success',

      at DomainContaminationDetector.printReport 
(forest-server/tools/domain-contamination-detector.js:282:19)

    console.log
         Line 21: Achieve (GOAL_TERMS)

      at DomainContaminationDetector.printReport 
(forest-server/tools/domain-contamination-detector.js:281:19)

    console.log
         Code: goal: 'Achieve test success',

      at DomainContaminationDetector.printReport 
(forest-server/tools/domain-contamination-detector.js:282:19)

    console.log


      at DomainContaminationDetector.printReport 
(forest-server/tools/domain-contamination-detector.js:284:17)

    console.log
      ≡ƒôü forest-server\__tests__\integration-validation.test.js

      at DomainContaminationDetector.printReport 
(forest-server/tools/domain-contamination-detector.js:278:17)

    console.log
         Line 56: STATE (LOCATION_TERMS)

      at DomainContaminationDetector.printReport 
(forest-server/tools/domain-contamination-detector.js:281:19)

    console.log
         Code: console.error('[MOCK-STATE] Pre-execution mock state:', {

      at DomainContaminationDetector.printReport 
(forest-server/tools/domain-contamination-detector.js:282:19)

    console.log
         Line 119: state (LOCATION_TERMS)

      at DomainContaminationDetector.printReport 
(forest-server/tools/domain-contamination-detector.js:281:19)

    console.log
         Code: console.error('[MOCK-INTEGRITY] Current mock state:', integrity);

      at DomainContaminationDetector.printReport 
(forest-server/tools/domain-contamination-detector.js:282:19)

    console.log


      at DomainContaminationDetector.printReport 
(forest-server/tools/domain-contamination-detector.js:284:17)

    console.log
      ≡ƒôü forest-server\__tests__\server-modular-hta.test.js

      at DomainContaminationDetector.printReport 
(forest-server/tools/domain-contamination-detector.js:278:17)

    console.log
         Line 203: master (GOAL_TERMS)

      at DomainContaminationDetector.printReport 
(forest-server/tools/domain-contamination-detector.js:281:19)

    console.log
         Code: } else if (name.includes('advanced') || name.includes('master') || 
name.includes('expert')) {

      at DomainContaminationDetector.printReport 
(forest-server/tools/domain-contamination-detector.js:282:19)

    console.log
         Line 374: Node.js (SKILL_TERMS)

      at DomainContaminationDetector.printReport 
(forest-server/tools/domain-contamination-detector.js:281:19)

    console.log
         Code: title: 'Learn Node.js',

      at DomainContaminationDetector.printReport 
(forest-server/tools/domain-contamination-detector.js:282:19)

    console.log


      at DomainContaminationDetector.printReport 
(forest-server/tools/domain-contamination-detector.js:284:17)

    console.log
      ≡ƒôü forest-server\__tests__\transaction-contexts.test.js

      at DomainContaminationDetector.printReport 
(forest-server/tools/domain-contamination-detector.js:278:17)

    console.log
         Line 4140: state (LOCATION_TERMS)

      at DomainContaminationDetector.printReport 
(forest-server/tools/domain-contamination-detector.js:281:19)

    console.log
         Code: { name: 'state.json', data: { status: 'active' } },

      at DomainContaminationDetector.printReport 
(forest-server/tools/domain-contamination-detector.js:282:19)

    console.log
         Line 9623: state (LOCATION_TERMS)

      at DomainContaminationDetector.printReport 
(forest-server/tools/domain-contamination-detector.js:281:19)

    console.log
         Code: test('should leave no partial state on failure', async () => {

      at DomainContaminationDetector.printReport 
(forest-server/tools/domain-contamination-detector.js:282:19)

    console.log
         Line 9625: state (LOCATION_TERMS)

      at DomainContaminationDetector.printReport 
(forest-server/tools/domain-contamination-detector.js:281:19)

    console.log
         Code: const originalData = { state: 'original' };

      at DomainContaminationDetector.printReport 
(forest-server/tools/domain-contamination-detector.js:282:19)

    console.log
         Line 9626: state (LOCATION_TERMS)

      at DomainContaminationDetector.printReport 
(forest-server/tools/domain-contamination-detector.js:281:19)

    console.log
         Code: const newData = { state: 'modified' };

      at DomainContaminationDetector.printReport 
(forest-server/tools/domain-contamination-detector.js:282:19)

    console.log
         Line 9629: state (LOCATION_TERMS)

      at DomainContaminationDetector.printReport 
(forest-server/tools/domain-contamination-detector.js:281:19)

    console.log
         Code: await dataPersistence.saveProjectData(projectId, 'state.json', originalData);

      at DomainContaminationDetector.printReport 
(forest-server/tools/domain-contamination-detector.js:282:19)

    console.log
         Line 10084: state (LOCATION_TERMS)

      at DomainContaminationDetector.printReport 
(forest-server/tools/domain-contamination-detector.js:281:19)

    console.log
         Code: await dataPersistence.saveProjectData(projectId, 'state.json', newData, transaction);

      at DomainContaminationDetector.printReport 
(forest-server/tools/domain-contamination-detector.js:282:19)

    console.log
         Line 10094: state (LOCATION_TERMS)

      at DomainContaminationDetector.printReport 
(forest-server/tools/domain-contamination-detector.js:281:19)

    console.log
         Code: const finalData = await dataPersistence.loadProjectData(projectId, 'state.json');

      at DomainContaminationDetector.printReport 
(forest-server/tools/domain-contamination-detector.js:282:19)

    console.log


      at DomainContaminationDetector.printReport 
(forest-server/tools/domain-contamination-detector.js:284:17)

    console.log
      ≡ƒÆí RECOMMENDATIONS:

      at DomainContaminationDetector.printReport 
(forest-server/tools/domain-contamination-detector.js:288:13)

    console.log
         ≡ƒÄ» Replace skill-specific terms with configurable parameters

      at DomainContaminationDetector.printReport 
(forest-server/tools/domain-contamination-detector.js:290:15)

    console.log
         ≡ƒÄ» Use dynamic goal context instead of hardcoded objectives

      at DomainContaminationDetector.printReport 
(forest-server/tools/domain-contamination-detector.js:290:15)

    console.log
         ≡ƒæñ Remove personal details - use user configuration instead

      at DomainContaminationDetector.printReport 
(forest-server/tools/domain-contamination-detector.js:290:15)

    console.log
         ≡ƒÆ╝ Replace career-specific terms with generic placeholders

      at DomainContaminationDetector.printReport 
(forest-server/tools/domain-contamination-detector.js:290:15)

    console.log
         ≡ƒöº Use configuration files or user input for domain-specific content

      at DomainContaminationDetector.printReport 
(forest-server/tools/domain-contamination-detector.js:290:15)

    console.log
         ≡ƒô¥ Update prompts to be domain-agnostic with dynamic placeholders

      at DomainContaminationDetector.printReport 
(forest-server/tools/domain-contamination-detector.js:290:15)

A worker process has failed to exit gracefully and has been force exited. This is likely caused by 
tests leaking due to improper teardown. Try running with --detectOpenHandles to find leaks. Active 
timers can also cause this, ensure that .unref() was called on them.

Test Suites: 1 failed, 1 passed, 2 total
Tests:       2 failed, 8 passed, 10 total
Snapshots:   0 total
Time:        7.651 s
Ran all test suites.
npm verbose cwd C:\Users\schlansk\claude-mcp-configs\forest-server
npm verbose os Windows_NT 10.0.22631
npm verbose node v22.16.0
npm verbose npm  v10.9.2
npm verbose exit 1
npm verbose code 1
